// Jest Snapshot v1, https://goo.gl/fbAQLP

exports[`common/antd/comp should render correctly 1`] = `
Object {
  "Affix": [Function],
  "Alert": [Function],
  "Anchor": [Function],
  "AutoComplete": Object {
    "$$typeof": Symbol(react.forward_ref),
    "Option": [Function],
    "render": [Function],
  },
  "Avatar": Object {
    "$$typeof": Symbol(react.forward_ref),
    "Group": [Function],
    "defaultProps": Object {
      "shape": "circle",
      "size": "default",
    },
    "displayName": "Avatar",
    "render": [Function],
  },
  "BackTop": Object {
    "$$typeof": Symbol(react.memo),
    "compare": null,
    "type": [Function],
  },
  "Badge": [Function],
  "Breadcrumb": [Function],
  "Button": Object {
    "$$typeof": Symbol(react.forward_ref),
    "Group": [Function],
    "__ANT_BUTTON": true,
    "displayName": "Button",
    "render": [Function],
  },
  "Calendar": [Function],
  "Card": [Function],
  "Carousel": Object {
    "$$typeof": Symbol(react.forward_ref),
    "render": [Function],
  },
  "Cascader": [Function],
  "Checkbox": Object {
    "$$typeof": Symbol(react.forward_ref),
    "Group": Object {
      "$$typeof": Symbol(react.memo),
      "compare": null,
      "type": [Function],
    },
    "__ANT_CHECKBOX": true,
    "displayName": "Checkbox",
    "render": [Function],
  },
  "Col": Object {
    "$$typeof": Symbol(react.forward_ref),
    "displayName": "Col",
    "render": [Function],
  },
  "Collapse": [Function],
  "Comment": [Function],
  "ConfigProvider": [Function],
  "DatePicker": [Function],
  "Descriptions": [Function],
  "Divider": [Function],
  "Drawer": [Function],
  "Dropdown": [Function],
  "Empty": [Function],
  "Form": Object {
    "$$typeof": Symbol(react.forward_ref),
    "ErrorList": [Function],
    "Item": [Function],
    "List": [Function],
    "Provider": [Function],
    "create": [Function],
    "render": [Function],
    "useForm": [Function],
  },
  "Grid": Object {
    "useBreakpoint": [Function],
  },
  "Image": [Function],
  "Input": [Function],
  "InputNumber": Object {
    "$$typeof": Symbol(react.forward_ref),
    "defaultProps": Object {
      "step": 1,
    },
    "render": [Function],
  },
  "Layout": [Function],
  "List": [Function],
  "Mentions": Object {
    "$$typeof": Symbol(react.forward_ref),
    "Option": [Function],
    "displayName": "Mentions",
    "getMentions": [Function],
    "render": [Function],
  },
  "Menu": [Function],
  "Modal": [Function],
  "PageHeader": [Function],
  "Pagination": [Function],
  "Popconfirm": Object {
    "$$typeof": Symbol(react.forward_ref),
    "defaultProps": Object {
      "disabled": false,
      "icon": <ForwardRef(ExclamationCircleFilled) />,
      "okType": "primary",
      "placement": "top",
      "transitionName": "zoom-big",
      "trigger": "click",
    },
    "render": [Function],
  },
  "Popover": Object {
    "$$typeof": Symbol(react.forward_ref),
    "defaultProps": Object {
      "mouseEnterDelay": 0.1,
      "mouseLeaveDelay": 0.1,
      "overlayStyle": Object {},
      "placement": "top",
      "transitionName": "zoom-big",
      "trigger": "hover",
    },
    "displayName": "Popover",
    "render": [Function],
  },
  "Progress": [Function],
  "Radio": Object {
    "$$typeof": Symbol(react.forward_ref),
    "Button": Object {
      "$$typeof": Symbol(react.forward_ref),
      "render": [Function],
    },
    "Group": Object {
      "$$typeof": Symbol(react.memo),
      "compare": null,
      "type": Object {
        "$$typeof": Symbol(react.forward_ref),
        "render": [Function],
      },
    },
    "defaultProps": Object {
      "type": "radio",
    },
    "displayName": "Radio",
    "render": [Function],
  },
  "Rate": Object {
    "$$typeof": Symbol(react.forward_ref),
    "defaultProps": Object {
      "character": <ForwardRef(StarFilled) />,
    },
    "displayName": "Rate",
    "render": [Function],
  },
  "Result": [Function],
  "Row": Object {
    "$$typeof": Symbol(react.forward_ref),
    "displayName": "Row",
    "render": [Function],
  },
  "Select": Object {
    "$$typeof": Symbol(react.forward_ref),
    "OptGroup": [Function],
    "Option": [Function],
    "SECRET_COMBOBOX_MODE_DO_NOT_USE": "SECRET_COMBOBOX_MODE_DO_NOT_USE",
    "render": [Function],
  },
  "Skeleton": [Function],
  "Slider": Object {
    "$$typeof": Symbol(react.forward_ref),
    "defaultProps": Object {
      "tipFormatter": [Function],
    },
    "displayName": "Slider",
    "render": [Function],
  },
  "Space": [Function],
  "Spin": [Function],
  "Statistic": [Function],
  "Steps": [Function],
  "Switch": Object {
    "$$typeof": Symbol(react.forward_ref),
    "__ANT_SWITCH": true,
    "displayName": "Switch",
    "render": [Function],
  },
  "Table": [Function],
  "Tabs": [Function],
  "Tag": Object {
    "$$typeof": Symbol(react.forward_ref),
    "CheckableTag": [Function],
    "displayName": "Tag",
    "render": [Function],
  },
  "TimePicker": Object {
    "$$typeof": Symbol(react.forward_ref),
    "RangePicker": Object {
      "$$typeof": Symbol(react.forward_ref),
      "render": [Function],
    },
    "displayName": "TimePicker",
    "render": [Function],
  },
  "Timeline": [Function],
  "Tooltip": Object {
    "$$typeof": Symbol(react.forward_ref),
    "defaultProps": Object {
      "arrowPointAtCenter": false,
      "autoAdjustOverflow": true,
      "mouseEnterDelay": 0.1,
      "mouseLeaveDelay": 0.1,
      "placement": "top",
      "transitionName": "zoom-big-fast",
    },
    "displayName": "Tooltip",
    "render": [Function],
  },
  "Transfer": [Function],
  "Tree": Object {
    "$$typeof": Symbol(react.forward_ref),
    "DirectoryTree": Object {
      "$$typeof": Symbol(react.forward_ref),
      "defaultProps": Object {
        "expandAction": "click",
        "showIcon": true,
      },
      "displayName": "DirectoryTree",
      "render": [Function],
    },
    "TreeNode": [Function],
    "defaultProps": Object {
      "blockNode": false,
      "checkable": false,
      "motion": Object {
        "motionAppear": false,
        "motionDeadline": 500,
        "motionName": "ant-motion-collapse",
        "onAppearActive": [Function],
        "onAppearEnd": [Function],
        "onAppearStart": [Function],
        "onEnterActive": [Function],
        "onEnterEnd": [Function],
        "onEnterStart": [Function],
        "onLeaveActive": [Function],
        "onLeaveEnd": [Function],
        "onLeaveStart": [Function],
      },
      "selectable": true,
      "showIcon": false,
    },
    "render": [Function],
  },
  "TreeSelect": Object {
    "$$typeof": Symbol(react.forward_ref),
    "SHOW_ALL": "SHOW_ALL",
    "SHOW_CHILD": "SHOW_CHILD",
    "SHOW_PARENT": "SHOW_PARENT",
    "TreeNode": [Function],
    "render": [Function],
  },
  "Typography": Object {
    "$$typeof": Symbol(react.forward_ref),
    "Link": Object {
      "$$typeof": Symbol(react.forward_ref),
      "render": [Function],
    },
    "Paragraph": [Function],
    "Text": [Function],
    "Title": [Function],
    "displayName": "Typography",
    "render": [Function],
  },
  "Upload": Object {
    "$$typeof": Symbol(react.forward_ref),
    "Dragger": Object {
      "$$typeof": Symbol(react.forward_ref),
      "displayName": "Dragger",
      "render": [Function],
    },
    "defaultProps": Object {
      "accept": "",
      "action": "",
      "beforeUpload": [Function],
      "className": "",
      "data": Object {},
      "disabled": false,
      "listType": "text",
      "multiple": false,
      "showUploadList": true,
      "supportServerRender": true,
      "type": "select",
    },
    "displayName": "Upload",
    "render": [Function],
  },
  "message": Object {
    "config": [Function],
    "destroy": [Function],
    "error": [Function],
    "info": [Function],
    "loading": [Function],
    "open": [Function],
    "success": [Function],
    "useMessage": [Function],
    "warn": [Function],
    "warning": [Function],
  },
  "notification": Object {
    "close": [Function],
    "config": [Function],
    "destroy": [Function],
    "error": [Function],
    "info": [Function],
    "open": [Function],
    "success": [Function],
    "useNotification": [Function],
    "warn": [Function],
    "warning": [Function],
  },
  "version": "4.10.2",
}
`;
