// Jest Snapshot v1, https://goo.gl/fbAQLP

exports[`common/antdIcon should render correctly 1`] = `
Object {
  "AccountBookFilled": Object {
    "$$typeof": Symbol(react.forward_ref),
    "render": [Function],
  },
  "AccountBookOutlined": Object {
    "$$typeof": Symbol(react.forward_ref),
    "render": [Function],
  },
  "AccountBookTwoTone": Object {
    "$$typeof": Symbol(react.forward_ref),
    "render": [Function],
  },
  "AimOutlined": Object {
    "$$typeof": Symbol(react.forward_ref),
    "render": [Function],
  },
  "AlertFilled": Object {
    "$$typeof": Symbol(react.forward_ref),
    "render": [Function],
  },
  "AlertOutlined": Object {
    "$$typeof": Symbol(react.forward_ref),
    "render": [Function],
  },
  "AlertTwoTone": Object {
    "$$typeof": Symbol(react.forward_ref),
    "render": [Function],
  },
  "AlibabaOutlined": Object {
    "$$typeof": Symbol(react.forward_ref),
    "render": [Function],
  },
  "AlignCenterOutlined": Object {
    "$$typeof": Symbol(react.forward_ref),
    "render": [Function],
  },
  "AlignLeftOutlined": Object {
    "$$typeof": Symbol(react.forward_ref),
    "render": [Function],
  },
  "AlignRightOutlined": Object {
    "$$typeof": Symbol(react.forward_ref),
    "render": [Function],
  },
  "AlipayCircleFilled": Object {
    "$$typeof": Symbol(react.forward_ref),
    "render": [Function],
  },
  "AlipayCircleOutlined": Object {
    "$$typeof": Symbol(react.forward_ref),
    "render": [Function],
  },
  "AlipayOutlined": Object {
    "$$typeof": Symbol(react.forward_ref),
    "render": [Function],
  },
  "AlipaySquareFilled": Object {
    "$$typeof": Symbol(react.forward_ref),
    "render": [Function],
  },
  "AliwangwangFilled": Object {
    "$$typeof": Symbol(react.forward_ref),
    "render": [Function],
  },
  "AliwangwangOutlined": Object {
    "$$typeof": Symbol(react.forward_ref),
    "render": [Function],
  },
  "AliyunOutlined": Object {
    "$$typeof": Symbol(react.forward_ref),
    "render": [Function],
  },
  "AmazonCircleFilled": Object {
    "$$typeof": Symbol(react.forward_ref),
    "render": [Function],
  },
  "AmazonOutlined": Object {
    "$$typeof": Symbol(react.forward_ref),
    "render": [Function],
  },
  "AmazonSquareFilled": Object {
    "$$typeof": Symbol(react.forward_ref),
    "render": [Function],
  },
  "AndroidFilled": Object {
    "$$typeof": Symbol(react.forward_ref),
    "render": [Function],
  },
  "AndroidOutlined": Object {
    "$$typeof": Symbol(react.forward_ref),
    "render": [Function],
  },
  "AntCloudOutlined": Object {
    "$$typeof": Symbol(react.forward_ref),
    "render": [Function],
  },
  "AntDesignOutlined": Object {
    "$$typeof": Symbol(react.forward_ref),
    "render": [Function],
  },
  "ApartmentOutlined": Object {
    "$$typeof": Symbol(react.forward_ref),
    "render": [Function],
  },
  "ApiFilled": Object {
    "$$typeof": Symbol(react.forward_ref),
    "render": [Function],
  },
  "ApiOutlined": Object {
    "$$typeof": Symbol(react.forward_ref),
    "render": [Function],
  },
  "ApiTwoTone": Object {
    "$$typeof": Symbol(react.forward_ref),
    "render": [Function],
  },
  "AppleFilled": Object {
    "$$typeof": Symbol(react.forward_ref),
    "render": [Function],
  },
  "AppleOutlined": Object {
    "$$typeof": Symbol(react.forward_ref),
    "render": [Function],
  },
  "AppstoreAddOutlined": Object {
    "$$typeof": Symbol(react.forward_ref),
    "render": [Function],
  },
  "AppstoreFilled": Object {
    "$$typeof": Symbol(react.forward_ref),
    "render": [Function],
  },
  "AppstoreOutlined": Object {
    "$$typeof": Symbol(react.forward_ref),
    "render": [Function],
  },
  "AppstoreTwoTone": Object {
    "$$typeof": Symbol(react.forward_ref),
    "render": [Function],
  },
  "AreaChartOutlined": Object {
    "$$typeof": Symbol(react.forward_ref),
    "render": [Function],
  },
  "ArrowDownOutlined": Object {
    "$$typeof": Symbol(react.forward_ref),
    "render": [Function],
  },
  "ArrowLeftOutlined": Object {
    "$$typeof": Symbol(react.forward_ref),
    "render": [Function],
  },
  "ArrowRightOutlined": Object {
    "$$typeof": Symbol(react.forward_ref),
    "render": [Function],
  },
  "ArrowUpOutlined": Object {
    "$$typeof": Symbol(react.forward_ref),
    "render": [Function],
  },
  "ArrowsAltOutlined": Object {
    "$$typeof": Symbol(react.forward_ref),
    "render": [Function],
  },
  "AudioFilled": Object {
    "$$typeof": Symbol(react.forward_ref),
    "render": [Function],
  },
  "AudioMutedOutlined": Object {
    "$$typeof": Symbol(react.forward_ref),
    "render": [Function],
  },
  "AudioOutlined": Object {
    "$$typeof": Symbol(react.forward_ref),
    "render": [Function],
  },
  "AudioTwoTone": Object {
    "$$typeof": Symbol(react.forward_ref),
    "render": [Function],
  },
  "AuditOutlined": Object {
    "$$typeof": Symbol(react.forward_ref),
    "render": [Function],
  },
  "BackwardFilled": Object {
    "$$typeof": Symbol(react.forward_ref),
    "render": [Function],
  },
  "BackwardOutlined": Object {
    "$$typeof": Symbol(react.forward_ref),
    "render": [Function],
  },
  "BankFilled": Object {
    "$$typeof": Symbol(react.forward_ref),
    "render": [Function],
  },
  "BankOutlined": Object {
    "$$typeof": Symbol(react.forward_ref),
    "render": [Function],
  },
  "BankTwoTone": Object {
    "$$typeof": Symbol(react.forward_ref),
    "render": [Function],
  },
  "BarChartOutlined": Object {
    "$$typeof": Symbol(react.forward_ref),
    "render": [Function],
  },
  "BarcodeOutlined": Object {
    "$$typeof": Symbol(react.forward_ref),
    "render": [Function],
  },
  "BarsOutlined": Object {
    "$$typeof": Symbol(react.forward_ref),
    "render": [Function],
  },
  "BehanceCircleFilled": Object {
    "$$typeof": Symbol(react.forward_ref),
    "render": [Function],
  },
  "BehanceOutlined": Object {
    "$$typeof": Symbol(react.forward_ref),
    "render": [Function],
  },
  "BehanceSquareFilled": Object {
    "$$typeof": Symbol(react.forward_ref),
    "render": [Function],
  },
  "BehanceSquareOutlined": Object {
    "$$typeof": Symbol(react.forward_ref),
    "render": [Function],
  },
  "BellFilled": Object {
    "$$typeof": Symbol(react.forward_ref),
    "render": [Function],
  },
  "BellOutlined": Object {
    "$$typeof": Symbol(react.forward_ref),
    "render": [Function],
  },
  "BellTwoTone": Object {
    "$$typeof": Symbol(react.forward_ref),
    "render": [Function],
  },
  "BgColorsOutlined": Object {
    "$$typeof": Symbol(react.forward_ref),
    "render": [Function],
  },
  "BlockOutlined": Object {
    "$$typeof": Symbol(react.forward_ref),
    "render": [Function],
  },
  "BoldOutlined": Object {
    "$$typeof": Symbol(react.forward_ref),
    "render": [Function],
  },
  "BookFilled": Object {
    "$$typeof": Symbol(react.forward_ref),
    "render": [Function],
  },
  "BookOutlined": Object {
    "$$typeof": Symbol(react.forward_ref),
    "render": [Function],
  },
  "BookTwoTone": Object {
    "$$typeof": Symbol(react.forward_ref),
    "render": [Function],
  },
  "BorderBottomOutlined": Object {
    "$$typeof": Symbol(react.forward_ref),
    "render": [Function],
  },
  "BorderHorizontalOutlined": Object {
    "$$typeof": Symbol(react.forward_ref),
    "render": [Function],
  },
  "BorderInnerOutlined": Object {
    "$$typeof": Symbol(react.forward_ref),
    "render": [Function],
  },
  "BorderLeftOutlined": Object {
    "$$typeof": Symbol(react.forward_ref),
    "render": [Function],
  },
  "BorderOuterOutlined": Object {
    "$$typeof": Symbol(react.forward_ref),
    "render": [Function],
  },
  "BorderOutlined": Object {
    "$$typeof": Symbol(react.forward_ref),
    "render": [Function],
  },
  "BorderRightOutlined": Object {
    "$$typeof": Symbol(react.forward_ref),
    "render": [Function],
  },
  "BorderTopOutlined": Object {
    "$$typeof": Symbol(react.forward_ref),
    "render": [Function],
  },
  "BorderVerticleOutlined": Object {
    "$$typeof": Symbol(react.forward_ref),
    "render": [Function],
  },
  "BorderlessTableOutlined": Object {
    "$$typeof": Symbol(react.forward_ref),
    "render": [Function],
  },
  "BoxPlotFilled": Object {
    "$$typeof": Symbol(react.forward_ref),
    "render": [Function],
  },
  "BoxPlotOutlined": Object {
    "$$typeof": Symbol(react.forward_ref),
    "render": [Function],
  },
  "BoxPlotTwoTone": Object {
    "$$typeof": Symbol(react.forward_ref),
    "render": [Function],
  },
  "BranchesOutlined": Object {
    "$$typeof": Symbol(react.forward_ref),
    "render": [Function],
  },
  "BugFilled": Object {
    "$$typeof": Symbol(react.forward_ref),
    "render": [Function],
  },
  "BugOutlined": Object {
    "$$typeof": Symbol(react.forward_ref),
    "render": [Function],
  },
  "BugTwoTone": Object {
    "$$typeof": Symbol(react.forward_ref),
    "render": [Function],
  },
  "BuildFilled": Object {
    "$$typeof": Symbol(react.forward_ref),
    "render": [Function],
  },
  "BuildOutlined": Object {
    "$$typeof": Symbol(react.forward_ref),
    "render": [Function],
  },
  "BuildTwoTone": Object {
    "$$typeof": Symbol(react.forward_ref),
    "render": [Function],
  },
  "BulbFilled": Object {
    "$$typeof": Symbol(react.forward_ref),
    "render": [Function],
  },
  "BulbOutlined": Object {
    "$$typeof": Symbol(react.forward_ref),
    "render": [Function],
  },
  "BulbTwoTone": Object {
    "$$typeof": Symbol(react.forward_ref),
    "render": [Function],
  },
  "CalculatorFilled": Object {
    "$$typeof": Symbol(react.forward_ref),
    "render": [Function],
  },
  "CalculatorOutlined": Object {
    "$$typeof": Symbol(react.forward_ref),
    "render": [Function],
  },
  "CalculatorTwoTone": Object {
    "$$typeof": Symbol(react.forward_ref),
    "render": [Function],
  },
  "CalendarFilled": Object {
    "$$typeof": Symbol(react.forward_ref),
    "render": [Function],
  },
  "CalendarOutlined": Object {
    "$$typeof": Symbol(react.forward_ref),
    "render": [Function],
  },
  "CalendarTwoTone": Object {
    "$$typeof": Symbol(react.forward_ref),
    "render": [Function],
  },
  "CameraFilled": Object {
    "$$typeof": Symbol(react.forward_ref),
    "render": [Function],
  },
  "CameraOutlined": Object {
    "$$typeof": Symbol(react.forward_ref),
    "render": [Function],
  },
  "CameraTwoTone": Object {
    "$$typeof": Symbol(react.forward_ref),
    "render": [Function],
  },
  "CarFilled": Object {
    "$$typeof": Symbol(react.forward_ref),
    "render": [Function],
  },
  "CarOutlined": Object {
    "$$typeof": Symbol(react.forward_ref),
    "render": [Function],
  },
  "CarTwoTone": Object {
    "$$typeof": Symbol(react.forward_ref),
    "render": [Function],
  },
  "CaretDownFilled": Object {
    "$$typeof": Symbol(react.forward_ref),
    "render": [Function],
  },
  "CaretDownOutlined": Object {
    "$$typeof": Symbol(react.forward_ref),
    "render": [Function],
  },
  "CaretLeftFilled": Object {
    "$$typeof": Symbol(react.forward_ref),
    "render": [Function],
  },
  "CaretLeftOutlined": Object {
    "$$typeof": Symbol(react.forward_ref),
    "render": [Function],
  },
  "CaretRightFilled": Object {
    "$$typeof": Symbol(react.forward_ref),
    "render": [Function],
  },
  "CaretRightOutlined": Object {
    "$$typeof": Symbol(react.forward_ref),
    "render": [Function],
  },
  "CaretUpFilled": Object {
    "$$typeof": Symbol(react.forward_ref),
    "render": [Function],
  },
  "CaretUpOutlined": Object {
    "$$typeof": Symbol(react.forward_ref),
    "render": [Function],
  },
  "CarryOutFilled": Object {
    "$$typeof": Symbol(react.forward_ref),
    "render": [Function],
  },
  "CarryOutOutlined": Object {
    "$$typeof": Symbol(react.forward_ref),
    "render": [Function],
  },
  "CarryOutTwoTone": Object {
    "$$typeof": Symbol(react.forward_ref),
    "render": [Function],
  },
  "CheckCircleFilled": Object {
    "$$typeof": Symbol(react.forward_ref),
    "render": [Function],
  },
  "CheckCircleOutlined": Object {
    "$$typeof": Symbol(react.forward_ref),
    "render": [Function],
  },
  "CheckCircleTwoTone": Object {
    "$$typeof": Symbol(react.forward_ref),
    "render": [Function],
  },
  "CheckOutlined": Object {
    "$$typeof": Symbol(react.forward_ref),
    "render": [Function],
  },
  "CheckSquareFilled": Object {
    "$$typeof": Symbol(react.forward_ref),
    "render": [Function],
  },
  "CheckSquareOutlined": Object {
    "$$typeof": Symbol(react.forward_ref),
    "render": [Function],
  },
  "CheckSquareTwoTone": Object {
    "$$typeof": Symbol(react.forward_ref),
    "render": [Function],
  },
  "ChromeFilled": Object {
    "$$typeof": Symbol(react.forward_ref),
    "render": [Function],
  },
  "ChromeOutlined": Object {
    "$$typeof": Symbol(react.forward_ref),
    "render": [Function],
  },
  "CiCircleFilled": Object {
    "$$typeof": Symbol(react.forward_ref),
    "render": [Function],
  },
  "CiCircleOutlined": Object {
    "$$typeof": Symbol(react.forward_ref),
    "render": [Function],
  },
  "CiCircleTwoTone": Object {
    "$$typeof": Symbol(react.forward_ref),
    "render": [Function],
  },
  "CiOutlined": Object {
    "$$typeof": Symbol(react.forward_ref),
    "render": [Function],
  },
  "CiTwoTone": Object {
    "$$typeof": Symbol(react.forward_ref),
    "render": [Function],
  },
  "ClearOutlined": Object {
    "$$typeof": Symbol(react.forward_ref),
    "render": [Function],
  },
  "ClockCircleFilled": Object {
    "$$typeof": Symbol(react.forward_ref),
    "render": [Function],
  },
  "ClockCircleOutlined": Object {
    "$$typeof": Symbol(react.forward_ref),
    "render": [Function],
  },
  "ClockCircleTwoTone": Object {
    "$$typeof": Symbol(react.forward_ref),
    "render": [Function],
  },
  "CloseCircleFilled": Object {
    "$$typeof": Symbol(react.forward_ref),
    "render": [Function],
  },
  "CloseCircleOutlined": Object {
    "$$typeof": Symbol(react.forward_ref),
    "render": [Function],
  },
  "CloseCircleTwoTone": Object {
    "$$typeof": Symbol(react.forward_ref),
    "render": [Function],
  },
  "CloseOutlined": Object {
    "$$typeof": Symbol(react.forward_ref),
    "render": [Function],
  },
  "CloseSquareFilled": Object {
    "$$typeof": Symbol(react.forward_ref),
    "render": [Function],
  },
  "CloseSquareOutlined": Object {
    "$$typeof": Symbol(react.forward_ref),
    "render": [Function],
  },
  "CloseSquareTwoTone": Object {
    "$$typeof": Symbol(react.forward_ref),
    "render": [Function],
  },
  "CloudDownloadOutlined": Object {
    "$$typeof": Symbol(react.forward_ref),
    "render": [Function],
  },
  "CloudFilled": Object {
    "$$typeof": Symbol(react.forward_ref),
    "render": [Function],
  },
  "CloudOutlined": Object {
    "$$typeof": Symbol(react.forward_ref),
    "render": [Function],
  },
  "CloudServerOutlined": Object {
    "$$typeof": Symbol(react.forward_ref),
    "render": [Function],
  },
  "CloudSyncOutlined": Object {
    "$$typeof": Symbol(react.forward_ref),
    "render": [Function],
  },
  "CloudTwoTone": Object {
    "$$typeof": Symbol(react.forward_ref),
    "render": [Function],
  },
  "CloudUploadOutlined": Object {
    "$$typeof": Symbol(react.forward_ref),
    "render": [Function],
  },
  "ClusterOutlined": Object {
    "$$typeof": Symbol(react.forward_ref),
    "render": [Function],
  },
  "CodeFilled": Object {
    "$$typeof": Symbol(react.forward_ref),
    "render": [Function],
  },
  "CodeOutlined": Object {
    "$$typeof": Symbol(react.forward_ref),
    "render": [Function],
  },
  "CodeSandboxCircleFilled": Object {
    "$$typeof": Symbol(react.forward_ref),
    "render": [Function],
  },
  "CodeSandboxOutlined": Object {
    "$$typeof": Symbol(react.forward_ref),
    "render": [Function],
  },
  "CodeSandboxSquareFilled": Object {
    "$$typeof": Symbol(react.forward_ref),
    "render": [Function],
  },
  "CodeTwoTone": Object {
    "$$typeof": Symbol(react.forward_ref),
    "render": [Function],
  },
  "CodepenCircleFilled": Object {
    "$$typeof": Symbol(react.forward_ref),
    "render": [Function],
  },
  "CodepenCircleOutlined": Object {
    "$$typeof": Symbol(react.forward_ref),
    "render": [Function],
  },
  "CodepenOutlined": Object {
    "$$typeof": Symbol(react.forward_ref),
    "render": [Function],
  },
  "CodepenSquareFilled": Object {
    "$$typeof": Symbol(react.forward_ref),
    "render": [Function],
  },
  "CoffeeOutlined": Object {
    "$$typeof": Symbol(react.forward_ref),
    "render": [Function],
  },
  "ColumnHeightOutlined": Object {
    "$$typeof": Symbol(react.forward_ref),
    "render": [Function],
  },
  "ColumnWidthOutlined": Object {
    "$$typeof": Symbol(react.forward_ref),
    "render": [Function],
  },
  "CommentOutlined": Object {
    "$$typeof": Symbol(react.forward_ref),
    "render": [Function],
  },
  "CompassFilled": Object {
    "$$typeof": Symbol(react.forward_ref),
    "render": [Function],
  },
  "CompassOutlined": Object {
    "$$typeof": Symbol(react.forward_ref),
    "render": [Function],
  },
  "CompassTwoTone": Object {
    "$$typeof": Symbol(react.forward_ref),
    "render": [Function],
  },
  "CompressOutlined": Object {
    "$$typeof": Symbol(react.forward_ref),
    "render": [Function],
  },
  "ConsoleSqlOutlined": Object {
    "$$typeof": Symbol(react.forward_ref),
    "render": [Function],
  },
  "ContactsFilled": Object {
    "$$typeof": Symbol(react.forward_ref),
    "render": [Function],
  },
  "ContactsOutlined": Object {
    "$$typeof": Symbol(react.forward_ref),
    "render": [Function],
  },
  "ContactsTwoTone": Object {
    "$$typeof": Symbol(react.forward_ref),
    "render": [Function],
  },
  "ContainerFilled": Object {
    "$$typeof": Symbol(react.forward_ref),
    "render": [Function],
  },
  "ContainerOutlined": Object {
    "$$typeof": Symbol(react.forward_ref),
    "render": [Function],
  },
  "ContainerTwoTone": Object {
    "$$typeof": Symbol(react.forward_ref),
    "render": [Function],
  },
  "ControlFilled": Object {
    "$$typeof": Symbol(react.forward_ref),
    "render": [Function],
  },
  "ControlOutlined": Object {
    "$$typeof": Symbol(react.forward_ref),
    "render": [Function],
  },
  "ControlTwoTone": Object {
    "$$typeof": Symbol(react.forward_ref),
    "render": [Function],
  },
  "CopyFilled": Object {
    "$$typeof": Symbol(react.forward_ref),
    "render": [Function],
  },
  "CopyOutlined": Object {
    "$$typeof": Symbol(react.forward_ref),
    "render": [Function],
  },
  "CopyTwoTone": Object {
    "$$typeof": Symbol(react.forward_ref),
    "render": [Function],
  },
  "CopyrightCircleFilled": Object {
    "$$typeof": Symbol(react.forward_ref),
    "render": [Function],
  },
  "CopyrightCircleOutlined": Object {
    "$$typeof": Symbol(react.forward_ref),
    "render": [Function],
  },
  "CopyrightCircleTwoTone": Object {
    "$$typeof": Symbol(react.forward_ref),
    "render": [Function],
  },
  "CopyrightOutlined": Object {
    "$$typeof": Symbol(react.forward_ref),
    "render": [Function],
  },
  "CopyrightTwoTone": Object {
    "$$typeof": Symbol(react.forward_ref),
    "render": [Function],
  },
  "CreditCardFilled": Object {
    "$$typeof": Symbol(react.forward_ref),
    "render": [Function],
  },
  "CreditCardOutlined": Object {
    "$$typeof": Symbol(react.forward_ref),
    "render": [Function],
  },
  "CreditCardTwoTone": Object {
    "$$typeof": Symbol(react.forward_ref),
    "render": [Function],
  },
  "CrownFilled": Object {
    "$$typeof": Symbol(react.forward_ref),
    "render": [Function],
  },
  "CrownOutlined": Object {
    "$$typeof": Symbol(react.forward_ref),
    "render": [Function],
  },
  "CrownTwoTone": Object {
    "$$typeof": Symbol(react.forward_ref),
    "render": [Function],
  },
  "CustomerServiceFilled": Object {
    "$$typeof": Symbol(react.forward_ref),
    "render": [Function],
  },
  "CustomerServiceOutlined": Object {
    "$$typeof": Symbol(react.forward_ref),
    "render": [Function],
  },
  "CustomerServiceTwoTone": Object {
    "$$typeof": Symbol(react.forward_ref),
    "render": [Function],
  },
  "DashOutlined": Object {
    "$$typeof": Symbol(react.forward_ref),
    "render": [Function],
  },
  "DashboardFilled": Object {
    "$$typeof": Symbol(react.forward_ref),
    "render": [Function],
  },
  "DashboardOutlined": Object {
    "$$typeof": Symbol(react.forward_ref),
    "render": [Function],
  },
  "DashboardTwoTone": Object {
    "$$typeof": Symbol(react.forward_ref),
    "render": [Function],
  },
  "DatabaseFilled": Object {
    "$$typeof": Symbol(react.forward_ref),
    "render": [Function],
  },
  "DatabaseOutlined": Object {
    "$$typeof": Symbol(react.forward_ref),
    "render": [Function],
  },
  "DatabaseTwoTone": Object {
    "$$typeof": Symbol(react.forward_ref),
    "render": [Function],
  },
  "DeleteColumnOutlined": Object {
    "$$typeof": Symbol(react.forward_ref),
    "render": [Function],
  },
  "DeleteFilled": Object {
    "$$typeof": Symbol(react.forward_ref),
    "render": [Function],
  },
  "DeleteOutlined": Object {
    "$$typeof": Symbol(react.forward_ref),
    "render": [Function],
  },
  "DeleteRowOutlined": Object {
    "$$typeof": Symbol(react.forward_ref),
    "render": [Function],
  },
  "DeleteTwoTone": Object {
    "$$typeof": Symbol(react.forward_ref),
    "render": [Function],
  },
  "DeliveredProcedureOutlined": Object {
    "$$typeof": Symbol(react.forward_ref),
    "render": [Function],
  },
  "DeploymentUnitOutlined": Object {
    "$$typeof": Symbol(react.forward_ref),
    "render": [Function],
  },
  "DesktopOutlined": Object {
    "$$typeof": Symbol(react.forward_ref),
    "render": [Function],
  },
  "DiffFilled": Object {
    "$$typeof": Symbol(react.forward_ref),
    "render": [Function],
  },
  "DiffOutlined": Object {
    "$$typeof": Symbol(react.forward_ref),
    "render": [Function],
  },
  "DiffTwoTone": Object {
    "$$typeof": Symbol(react.forward_ref),
    "render": [Function],
  },
  "DingdingOutlined": Object {
    "$$typeof": Symbol(react.forward_ref),
    "render": [Function],
  },
  "DingtalkCircleFilled": Object {
    "$$typeof": Symbol(react.forward_ref),
    "render": [Function],
  },
  "DingtalkOutlined": Object {
    "$$typeof": Symbol(react.forward_ref),
    "render": [Function],
  },
  "DingtalkSquareFilled": Object {
    "$$typeof": Symbol(react.forward_ref),
    "render": [Function],
  },
  "DisconnectOutlined": Object {
    "$$typeof": Symbol(react.forward_ref),
    "render": [Function],
  },
  "DislikeFilled": Object {
    "$$typeof": Symbol(react.forward_ref),
    "render": [Function],
  },
  "DislikeOutlined": Object {
    "$$typeof": Symbol(react.forward_ref),
    "render": [Function],
  },
  "DislikeTwoTone": Object {
    "$$typeof": Symbol(react.forward_ref),
    "render": [Function],
  },
  "DollarCircleFilled": Object {
    "$$typeof": Symbol(react.forward_ref),
    "render": [Function],
  },
  "DollarCircleOutlined": Object {
    "$$typeof": Symbol(react.forward_ref),
    "render": [Function],
  },
  "DollarCircleTwoTone": Object {
    "$$typeof": Symbol(react.forward_ref),
    "render": [Function],
  },
  "DollarOutlined": Object {
    "$$typeof": Symbol(react.forward_ref),
    "render": [Function],
  },
  "DollarTwoTone": Object {
    "$$typeof": Symbol(react.forward_ref),
    "render": [Function],
  },
  "DotChartOutlined": Object {
    "$$typeof": Symbol(react.forward_ref),
    "render": [Function],
  },
  "DoubleLeftOutlined": Object {
    "$$typeof": Symbol(react.forward_ref),
    "render": [Function],
  },
  "DoubleRightOutlined": Object {
    "$$typeof": Symbol(react.forward_ref),
    "render": [Function],
  },
  "DownCircleFilled": Object {
    "$$typeof": Symbol(react.forward_ref),
    "render": [Function],
  },
  "DownCircleOutlined": Object {
    "$$typeof": Symbol(react.forward_ref),
    "render": [Function],
  },
  "DownCircleTwoTone": Object {
    "$$typeof": Symbol(react.forward_ref),
    "render": [Function],
  },
  "DownOutlined": Object {
    "$$typeof": Symbol(react.forward_ref),
    "render": [Function],
  },
  "DownSquareFilled": Object {
    "$$typeof": Symbol(react.forward_ref),
    "render": [Function],
  },
  "DownSquareOutlined": Object {
    "$$typeof": Symbol(react.forward_ref),
    "render": [Function],
  },
  "DownSquareTwoTone": Object {
    "$$typeof": Symbol(react.forward_ref),
    "render": [Function],
  },
  "DownloadOutlined": Object {
    "$$typeof": Symbol(react.forward_ref),
    "render": [Function],
  },
  "DragOutlined": Object {
    "$$typeof": Symbol(react.forward_ref),
    "render": [Function],
  },
  "DribbbleCircleFilled": Object {
    "$$typeof": Symbol(react.forward_ref),
    "render": [Function],
  },
  "DribbbleOutlined": Object {
    "$$typeof": Symbol(react.forward_ref),
    "render": [Function],
  },
  "DribbbleSquareFilled": Object {
    "$$typeof": Symbol(react.forward_ref),
    "render": [Function],
  },
  "DribbbleSquareOutlined": Object {
    "$$typeof": Symbol(react.forward_ref),
    "render": [Function],
  },
  "DropboxCircleFilled": Object {
    "$$typeof": Symbol(react.forward_ref),
    "render": [Function],
  },
  "DropboxOutlined": Object {
    "$$typeof": Symbol(react.forward_ref),
    "render": [Function],
  },
  "DropboxSquareFilled": Object {
    "$$typeof": Symbol(react.forward_ref),
    "render": [Function],
  },
  "EditFilled": Object {
    "$$typeof": Symbol(react.forward_ref),
    "render": [Function],
  },
  "EditOutlined": Object {
    "$$typeof": Symbol(react.forward_ref),
    "render": [Function],
  },
  "EditTwoTone": Object {
    "$$typeof": Symbol(react.forward_ref),
    "render": [Function],
  },
  "EllipsisOutlined": Object {
    "$$typeof": Symbol(react.forward_ref),
    "render": [Function],
  },
  "EnterOutlined": Object {
    "$$typeof": Symbol(react.forward_ref),
    "render": [Function],
  },
  "EnvironmentFilled": Object {
    "$$typeof": Symbol(react.forward_ref),
    "render": [Function],
  },
  "EnvironmentOutlined": Object {
    "$$typeof": Symbol(react.forward_ref),
    "render": [Function],
  },
  "EnvironmentTwoTone": Object {
    "$$typeof": Symbol(react.forward_ref),
    "render": [Function],
  },
  "EuroCircleFilled": Object {
    "$$typeof": Symbol(react.forward_ref),
    "render": [Function],
  },
  "EuroCircleOutlined": Object {
    "$$typeof": Symbol(react.forward_ref),
    "render": [Function],
  },
  "EuroCircleTwoTone": Object {
    "$$typeof": Symbol(react.forward_ref),
    "render": [Function],
  },
  "EuroOutlined": Object {
    "$$typeof": Symbol(react.forward_ref),
    "render": [Function],
  },
  "EuroTwoTone": Object {
    "$$typeof": Symbol(react.forward_ref),
    "render": [Function],
  },
  "ExceptionOutlined": Object {
    "$$typeof": Symbol(react.forward_ref),
    "render": [Function],
  },
  "ExclamationCircleFilled": Object {
    "$$typeof": Symbol(react.forward_ref),
    "render": [Function],
  },
  "ExclamationCircleOutlined": Object {
    "$$typeof": Symbol(react.forward_ref),
    "render": [Function],
  },
  "ExclamationCircleTwoTone": Object {
    "$$typeof": Symbol(react.forward_ref),
    "render": [Function],
  },
  "ExclamationOutlined": Object {
    "$$typeof": Symbol(react.forward_ref),
    "render": [Function],
  },
  "ExpandAltOutlined": Object {
    "$$typeof": Symbol(react.forward_ref),
    "render": [Function],
  },
  "ExpandOutlined": Object {
    "$$typeof": Symbol(react.forward_ref),
    "render": [Function],
  },
  "ExperimentFilled": Object {
    "$$typeof": Symbol(react.forward_ref),
    "render": [Function],
  },
  "ExperimentOutlined": Object {
    "$$typeof": Symbol(react.forward_ref),
    "render": [Function],
  },
  "ExperimentTwoTone": Object {
    "$$typeof": Symbol(react.forward_ref),
    "render": [Function],
  },
  "ExportOutlined": Object {
    "$$typeof": Symbol(react.forward_ref),
    "render": [Function],
  },
  "EyeFilled": Object {
    "$$typeof": Symbol(react.forward_ref),
    "render": [Function],
  },
  "EyeInvisibleFilled": Object {
    "$$typeof": Symbol(react.forward_ref),
    "render": [Function],
  },
  "EyeInvisibleOutlined": Object {
    "$$typeof": Symbol(react.forward_ref),
    "render": [Function],
  },
  "EyeInvisibleTwoTone": Object {
    "$$typeof": Symbol(react.forward_ref),
    "render": [Function],
  },
  "EyeOutlined": Object {
    "$$typeof": Symbol(react.forward_ref),
    "render": [Function],
  },
  "EyeTwoTone": Object {
    "$$typeof": Symbol(react.forward_ref),
    "render": [Function],
  },
  "FacebookFilled": Object {
    "$$typeof": Symbol(react.forward_ref),
    "render": [Function],
  },
  "FacebookOutlined": Object {
    "$$typeof": Symbol(react.forward_ref),
    "render": [Function],
  },
  "FallOutlined": Object {
    "$$typeof": Symbol(react.forward_ref),
    "render": [Function],
  },
  "FastBackwardFilled": Object {
    "$$typeof": Symbol(react.forward_ref),
    "render": [Function],
  },
  "FastBackwardOutlined": Object {
    "$$typeof": Symbol(react.forward_ref),
    "render": [Function],
  },
  "FastForwardFilled": Object {
    "$$typeof": Symbol(react.forward_ref),
    "render": [Function],
  },
  "FastForwardOutlined": Object {
    "$$typeof": Symbol(react.forward_ref),
    "render": [Function],
  },
  "FieldBinaryOutlined": Object {
    "$$typeof": Symbol(react.forward_ref),
    "render": [Function],
  },
  "FieldNumberOutlined": Object {
    "$$typeof": Symbol(react.forward_ref),
    "render": [Function],
  },
  "FieldStringOutlined": Object {
    "$$typeof": Symbol(react.forward_ref),
    "render": [Function],
  },
  "FieldTimeOutlined": Object {
    "$$typeof": Symbol(react.forward_ref),
    "render": [Function],
  },
  "FileAddFilled": Object {
    "$$typeof": Symbol(react.forward_ref),
    "render": [Function],
  },
  "FileAddOutlined": Object {
    "$$typeof": Symbol(react.forward_ref),
    "render": [Function],
  },
  "FileAddTwoTone": Object {
    "$$typeof": Symbol(react.forward_ref),
    "render": [Function],
  },
  "FileDoneOutlined": Object {
    "$$typeof": Symbol(react.forward_ref),
    "render": [Function],
  },
  "FileExcelFilled": Object {
    "$$typeof": Symbol(react.forward_ref),
    "render": [Function],
  },
  "FileExcelOutlined": Object {
    "$$typeof": Symbol(react.forward_ref),
    "render": [Function],
  },
  "FileExcelTwoTone": Object {
    "$$typeof": Symbol(react.forward_ref),
    "render": [Function],
  },
  "FileExclamationFilled": Object {
    "$$typeof": Symbol(react.forward_ref),
    "render": [Function],
  },
  "FileExclamationOutlined": Object {
    "$$typeof": Symbol(react.forward_ref),
    "render": [Function],
  },
  "FileExclamationTwoTone": Object {
    "$$typeof": Symbol(react.forward_ref),
    "render": [Function],
  },
  "FileFilled": Object {
    "$$typeof": Symbol(react.forward_ref),
    "render": [Function],
  },
  "FileGifOutlined": Object {
    "$$typeof": Symbol(react.forward_ref),
    "render": [Function],
  },
  "FileImageFilled": Object {
    "$$typeof": Symbol(react.forward_ref),
    "render": [Function],
  },
  "FileImageOutlined": Object {
    "$$typeof": Symbol(react.forward_ref),
    "render": [Function],
  },
  "FileImageTwoTone": Object {
    "$$typeof": Symbol(react.forward_ref),
    "render": [Function],
  },
  "FileJpgOutlined": Object {
    "$$typeof": Symbol(react.forward_ref),
    "render": [Function],
  },
  "FileMarkdownFilled": Object {
    "$$typeof": Symbol(react.forward_ref),
    "render": [Function],
  },
  "FileMarkdownOutlined": Object {
    "$$typeof": Symbol(react.forward_ref),
    "render": [Function],
  },
  "FileMarkdownTwoTone": Object {
    "$$typeof": Symbol(react.forward_ref),
    "render": [Function],
  },
  "FileOutlined": Object {
    "$$typeof": Symbol(react.forward_ref),
    "render": [Function],
  },
  "FilePdfFilled": Object {
    "$$typeof": Symbol(react.forward_ref),
    "render": [Function],
  },
  "FilePdfOutlined": Object {
    "$$typeof": Symbol(react.forward_ref),
    "render": [Function],
  },
  "FilePdfTwoTone": Object {
    "$$typeof": Symbol(react.forward_ref),
    "render": [Function],
  },
  "FilePptFilled": Object {
    "$$typeof": Symbol(react.forward_ref),
    "render": [Function],
  },
  "FilePptOutlined": Object {
    "$$typeof": Symbol(react.forward_ref),
    "render": [Function],
  },
  "FilePptTwoTone": Object {
    "$$typeof": Symbol(react.forward_ref),
    "render": [Function],
  },
  "FileProtectOutlined": Object {
    "$$typeof": Symbol(react.forward_ref),
    "render": [Function],
  },
  "FileSearchOutlined": Object {
    "$$typeof": Symbol(react.forward_ref),
    "render": [Function],
  },
  "FileSyncOutlined": Object {
    "$$typeof": Symbol(react.forward_ref),
    "render": [Function],
  },
  "FileTextFilled": Object {
    "$$typeof": Symbol(react.forward_ref),
    "render": [Function],
  },
  "FileTextOutlined": Object {
    "$$typeof": Symbol(react.forward_ref),
    "render": [Function],
  },
  "FileTextTwoTone": Object {
    "$$typeof": Symbol(react.forward_ref),
    "render": [Function],
  },
  "FileTwoTone": Object {
    "$$typeof": Symbol(react.forward_ref),
    "render": [Function],
  },
  "FileUnknownFilled": Object {
    "$$typeof": Symbol(react.forward_ref),
    "render": [Function],
  },
  "FileUnknownOutlined": Object {
    "$$typeof": Symbol(react.forward_ref),
    "render": [Function],
  },
  "FileUnknownTwoTone": Object {
    "$$typeof": Symbol(react.forward_ref),
    "render": [Function],
  },
  "FileWordFilled": Object {
    "$$typeof": Symbol(react.forward_ref),
    "render": [Function],
  },
  "FileWordOutlined": Object {
    "$$typeof": Symbol(react.forward_ref),
    "render": [Function],
  },
  "FileWordTwoTone": Object {
    "$$typeof": Symbol(react.forward_ref),
    "render": [Function],
  },
  "FileZipFilled": Object {
    "$$typeof": Symbol(react.forward_ref),
    "render": [Function],
  },
  "FileZipOutlined": Object {
    "$$typeof": Symbol(react.forward_ref),
    "render": [Function],
  },
  "FileZipTwoTone": Object {
    "$$typeof": Symbol(react.forward_ref),
    "render": [Function],
  },
  "FilterFilled": Object {
    "$$typeof": Symbol(react.forward_ref),
    "render": [Function],
  },
  "FilterOutlined": Object {
    "$$typeof": Symbol(react.forward_ref),
    "render": [Function],
  },
  "FilterTwoTone": Object {
    "$$typeof": Symbol(react.forward_ref),
    "render": [Function],
  },
  "FireFilled": Object {
    "$$typeof": Symbol(react.forward_ref),
    "render": [Function],
  },
  "FireOutlined": Object {
    "$$typeof": Symbol(react.forward_ref),
    "render": [Function],
  },
  "FireTwoTone": Object {
    "$$typeof": Symbol(react.forward_ref),
    "render": [Function],
  },
  "FlagFilled": Object {
    "$$typeof": Symbol(react.forward_ref),
    "render": [Function],
  },
  "FlagOutlined": Object {
    "$$typeof": Symbol(react.forward_ref),
    "render": [Function],
  },
  "FlagTwoTone": Object {
    "$$typeof": Symbol(react.forward_ref),
    "render": [Function],
  },
  "FolderAddFilled": Object {
    "$$typeof": Symbol(react.forward_ref),
    "render": [Function],
  },
  "FolderAddOutlined": Object {
    "$$typeof": Symbol(react.forward_ref),
    "render": [Function],
  },
  "FolderAddTwoTone": Object {
    "$$typeof": Symbol(react.forward_ref),
    "render": [Function],
  },
  "FolderFilled": Object {
    "$$typeof": Symbol(react.forward_ref),
    "render": [Function],
  },
  "FolderOpenFilled": Object {
    "$$typeof": Symbol(react.forward_ref),
    "render": [Function],
  },
  "FolderOpenOutlined": Object {
    "$$typeof": Symbol(react.forward_ref),
    "render": [Function],
  },
  "FolderOpenTwoTone": Object {
    "$$typeof": Symbol(react.forward_ref),
    "render": [Function],
  },
  "FolderOutlined": Object {
    "$$typeof": Symbol(react.forward_ref),
    "render": [Function],
  },
  "FolderTwoTone": Object {
    "$$typeof": Symbol(react.forward_ref),
    "render": [Function],
  },
  "FolderViewOutlined": Object {
    "$$typeof": Symbol(react.forward_ref),
    "render": [Function],
  },
  "FontColorsOutlined": Object {
    "$$typeof": Symbol(react.forward_ref),
    "render": [Function],
  },
  "FontSizeOutlined": Object {
    "$$typeof": Symbol(react.forward_ref),
    "render": [Function],
  },
  "ForkOutlined": Object {
    "$$typeof": Symbol(react.forward_ref),
    "render": [Function],
  },
  "FormOutlined": Object {
    "$$typeof": Symbol(react.forward_ref),
    "render": [Function],
  },
  "FormatPainterFilled": Object {
    "$$typeof": Symbol(react.forward_ref),
    "render": [Function],
  },
  "FormatPainterOutlined": Object {
    "$$typeof": Symbol(react.forward_ref),
    "render": [Function],
  },
  "ForwardFilled": Object {
    "$$typeof": Symbol(react.forward_ref),
    "render": [Function],
  },
  "ForwardOutlined": Object {
    "$$typeof": Symbol(react.forward_ref),
    "render": [Function],
  },
  "FrownFilled": Object {
    "$$typeof": Symbol(react.forward_ref),
    "render": [Function],
  },
  "FrownOutlined": Object {
    "$$typeof": Symbol(react.forward_ref),
    "render": [Function],
  },
  "FrownTwoTone": Object {
    "$$typeof": Symbol(react.forward_ref),
    "render": [Function],
  },
  "FullscreenExitOutlined": Object {
    "$$typeof": Symbol(react.forward_ref),
    "render": [Function],
  },
  "FullscreenOutlined": Object {
    "$$typeof": Symbol(react.forward_ref),
    "render": [Function],
  },
  "FunctionOutlined": Object {
    "$$typeof": Symbol(react.forward_ref),
    "render": [Function],
  },
  "FundFilled": Object {
    "$$typeof": Symbol(react.forward_ref),
    "render": [Function],
  },
  "FundOutlined": Object {
    "$$typeof": Symbol(react.forward_ref),
    "render": [Function],
  },
  "FundProjectionScreenOutlined": Object {
    "$$typeof": Symbol(react.forward_ref),
    "render": [Function],
  },
  "FundTwoTone": Object {
    "$$typeof": Symbol(react.forward_ref),
    "render": [Function],
  },
  "FundViewOutlined": Object {
    "$$typeof": Symbol(react.forward_ref),
    "render": [Function],
  },
  "FunnelPlotFilled": Object {
    "$$typeof": Symbol(react.forward_ref),
    "render": [Function],
  },
  "FunnelPlotOutlined": Object {
    "$$typeof": Symbol(react.forward_ref),
    "render": [Function],
  },
  "FunnelPlotTwoTone": Object {
    "$$typeof": Symbol(react.forward_ref),
    "render": [Function],
  },
  "GatewayOutlined": Object {
    "$$typeof": Symbol(react.forward_ref),
    "render": [Function],
  },
  "GifOutlined": Object {
    "$$typeof": Symbol(react.forward_ref),
    "render": [Function],
  },
  "GiftFilled": Object {
    "$$typeof": Symbol(react.forward_ref),
    "render": [Function],
  },
  "GiftOutlined": Object {
    "$$typeof": Symbol(react.forward_ref),
    "render": [Function],
  },
  "GiftTwoTone": Object {
    "$$typeof": Symbol(react.forward_ref),
    "render": [Function],
  },
  "GithubFilled": Object {
    "$$typeof": Symbol(react.forward_ref),
    "render": [Function],
  },
  "GithubOutlined": Object {
    "$$typeof": Symbol(react.forward_ref),
    "render": [Function],
  },
  "GitlabFilled": Object {
    "$$typeof": Symbol(react.forward_ref),
    "render": [Function],
  },
  "GitlabOutlined": Object {
    "$$typeof": Symbol(react.forward_ref),
    "render": [Function],
  },
  "GlobalOutlined": Object {
    "$$typeof": Symbol(react.forward_ref),
    "render": [Function],
  },
  "GoldFilled": Object {
    "$$typeof": Symbol(react.forward_ref),
    "render": [Function],
  },
  "GoldOutlined": Object {
    "$$typeof": Symbol(react.forward_ref),
    "render": [Function],
  },
  "GoldTwoTone": Object {
    "$$typeof": Symbol(react.forward_ref),
    "render": [Function],
  },
  "GoldenFilled": Object {
    "$$typeof": Symbol(react.forward_ref),
    "render": [Function],
  },
  "GoogleCircleFilled": Object {
    "$$typeof": Symbol(react.forward_ref),
    "render": [Function],
  },
  "GoogleOutlined": Object {
    "$$typeof": Symbol(react.forward_ref),
    "render": [Function],
  },
  "GooglePlusCircleFilled": Object {
    "$$typeof": Symbol(react.forward_ref),
    "render": [Function],
  },
  "GooglePlusOutlined": Object {
    "$$typeof": Symbol(react.forward_ref),
    "render": [Function],
  },
  "GooglePlusSquareFilled": Object {
    "$$typeof": Symbol(react.forward_ref),
    "render": [Function],
  },
  "GoogleSquareFilled": Object {
    "$$typeof": Symbol(react.forward_ref),
    "render": [Function],
  },
  "GroupOutlined": Object {
    "$$typeof": Symbol(react.forward_ref),
    "render": [Function],
  },
  "HddFilled": Object {
    "$$typeof": Symbol(react.forward_ref),
    "render": [Function],
  },
  "HddOutlined": Object {
    "$$typeof": Symbol(react.forward_ref),
    "render": [Function],
  },
  "HddTwoTone": Object {
    "$$typeof": Symbol(react.forward_ref),
    "render": [Function],
  },
  "HeartFilled": Object {
    "$$typeof": Symbol(react.forward_ref),
    "render": [Function],
  },
  "HeartOutlined": Object {
    "$$typeof": Symbol(react.forward_ref),
    "render": [Function],
  },
  "HeartTwoTone": Object {
    "$$typeof": Symbol(react.forward_ref),
    "render": [Function],
  },
  "HeatMapOutlined": Object {
    "$$typeof": Symbol(react.forward_ref),
    "render": [Function],
  },
  "HighlightFilled": Object {
    "$$typeof": Symbol(react.forward_ref),
    "render": [Function],
  },
  "HighlightOutlined": Object {
    "$$typeof": Symbol(react.forward_ref),
    "render": [Function],
  },
  "HighlightTwoTone": Object {
    "$$typeof": Symbol(react.forward_ref),
    "render": [Function],
  },
  "HistoryOutlined": Object {
    "$$typeof": Symbol(react.forward_ref),
    "render": [Function],
  },
  "HomeFilled": Object {
    "$$typeof": Symbol(react.forward_ref),
    "render": [Function],
  },
  "HomeOutlined": Object {
    "$$typeof": Symbol(react.forward_ref),
    "render": [Function],
  },
  "HomeTwoTone": Object {
    "$$typeof": Symbol(react.forward_ref),
    "render": [Function],
  },
  "HourglassFilled": Object {
    "$$typeof": Symbol(react.forward_ref),
    "render": [Function],
  },
  "HourglassOutlined": Object {
    "$$typeof": Symbol(react.forward_ref),
    "render": [Function],
  },
  "HourglassTwoTone": Object {
    "$$typeof": Symbol(react.forward_ref),
    "render": [Function],
  },
  "Html5Filled": Object {
    "$$typeof": Symbol(react.forward_ref),
    "render": [Function],
  },
  "Html5Outlined": Object {
    "$$typeof": Symbol(react.forward_ref),
    "render": [Function],
  },
  "Html5TwoTone": Object {
    "$$typeof": Symbol(react.forward_ref),
    "render": [Function],
  },
  "IdcardFilled": Object {
    "$$typeof": Symbol(react.forward_ref),
    "render": [Function],
  },
  "IdcardOutlined": Object {
    "$$typeof": Symbol(react.forward_ref),
    "render": [Function],
  },
  "IdcardTwoTone": Object {
    "$$typeof": Symbol(react.forward_ref),
    "render": [Function],
  },
  "IeCircleFilled": Object {
    "$$typeof": Symbol(react.forward_ref),
    "render": [Function],
  },
  "IeOutlined": Object {
    "$$typeof": Symbol(react.forward_ref),
    "render": [Function],
  },
  "IeSquareFilled": Object {
    "$$typeof": Symbol(react.forward_ref),
    "render": [Function],
  },
  "ImportOutlined": Object {
    "$$typeof": Symbol(react.forward_ref),
    "render": [Function],
  },
  "InboxOutlined": Object {
    "$$typeof": Symbol(react.forward_ref),
    "render": [Function],
  },
  "InfoCircleFilled": Object {
    "$$typeof": Symbol(react.forward_ref),
    "render": [Function],
  },
  "InfoCircleOutlined": Object {
    "$$typeof": Symbol(react.forward_ref),
    "render": [Function],
  },
  "InfoCircleTwoTone": Object {
    "$$typeof": Symbol(react.forward_ref),
    "render": [Function],
  },
  "InfoOutlined": Object {
    "$$typeof": Symbol(react.forward_ref),
    "render": [Function],
  },
  "InsertRowAboveOutlined": Object {
    "$$typeof": Symbol(react.forward_ref),
    "render": [Function],
  },
  "InsertRowBelowOutlined": Object {
    "$$typeof": Symbol(react.forward_ref),
    "render": [Function],
  },
  "InsertRowLeftOutlined": Object {
    "$$typeof": Symbol(react.forward_ref),
    "render": [Function],
  },
  "InsertRowRightOutlined": Object {
    "$$typeof": Symbol(react.forward_ref),
    "render": [Function],
  },
  "InstagramFilled": Object {
    "$$typeof": Symbol(react.forward_ref),
    "render": [Function],
  },
  "InstagramOutlined": Object {
    "$$typeof": Symbol(react.forward_ref),
    "render": [Function],
  },
  "InsuranceFilled": Object {
    "$$typeof": Symbol(react.forward_ref),
    "render": [Function],
  },
  "InsuranceOutlined": Object {
    "$$typeof": Symbol(react.forward_ref),
    "render": [Function],
  },
  "InsuranceTwoTone": Object {
    "$$typeof": Symbol(react.forward_ref),
    "render": [Function],
  },
  "InteractionFilled": Object {
    "$$typeof": Symbol(react.forward_ref),
    "render": [Function],
  },
  "InteractionOutlined": Object {
    "$$typeof": Symbol(react.forward_ref),
    "render": [Function],
  },
  "InteractionTwoTone": Object {
    "$$typeof": Symbol(react.forward_ref),
    "render": [Function],
  },
  "IssuesCloseOutlined": Object {
    "$$typeof": Symbol(react.forward_ref),
    "render": [Function],
  },
  "ItalicOutlined": Object {
    "$$typeof": Symbol(react.forward_ref),
    "render": [Function],
  },
  "KeyOutlined": Object {
    "$$typeof": Symbol(react.forward_ref),
    "render": [Function],
  },
  "LaptopOutlined": Object {
    "$$typeof": Symbol(react.forward_ref),
    "render": [Function],
  },
  "LayoutFilled": Object {
    "$$typeof": Symbol(react.forward_ref),
    "render": [Function],
  },
  "LayoutOutlined": Object {
    "$$typeof": Symbol(react.forward_ref),
    "render": [Function],
  },
  "LayoutTwoTone": Object {
    "$$typeof": Symbol(react.forward_ref),
    "render": [Function],
  },
  "LeftCircleFilled": Object {
    "$$typeof": Symbol(react.forward_ref),
    "render": [Function],
  },
  "LeftCircleOutlined": Object {
    "$$typeof": Symbol(react.forward_ref),
    "render": [Function],
  },
  "LeftCircleTwoTone": Object {
    "$$typeof": Symbol(react.forward_ref),
    "render": [Function],
  },
  "LeftOutlined": Object {
    "$$typeof": Symbol(react.forward_ref),
    "render": [Function],
  },
  "LeftSquareFilled": Object {
    "$$typeof": Symbol(react.forward_ref),
    "render": [Function],
  },
  "LeftSquareOutlined": Object {
    "$$typeof": Symbol(react.forward_ref),
    "render": [Function],
  },
  "LeftSquareTwoTone": Object {
    "$$typeof": Symbol(react.forward_ref),
    "render": [Function],
  },
  "LikeFilled": Object {
    "$$typeof": Symbol(react.forward_ref),
    "render": [Function],
  },
  "LikeOutlined": Object {
    "$$typeof": Symbol(react.forward_ref),
    "render": [Function],
  },
  "LikeTwoTone": Object {
    "$$typeof": Symbol(react.forward_ref),
    "render": [Function],
  },
  "LineChartOutlined": Object {
    "$$typeof": Symbol(react.forward_ref),
    "render": [Function],
  },
  "LineHeightOutlined": Object {
    "$$typeof": Symbol(react.forward_ref),
    "render": [Function],
  },
  "LineOutlined": Object {
    "$$typeof": Symbol(react.forward_ref),
    "render": [Function],
  },
  "LinkOutlined": Object {
    "$$typeof": Symbol(react.forward_ref),
    "render": [Function],
  },
  "LinkedinFilled": Object {
    "$$typeof": Symbol(react.forward_ref),
    "render": [Function],
  },
  "LinkedinOutlined": Object {
    "$$typeof": Symbol(react.forward_ref),
    "render": [Function],
  },
  "Loading3QuartersOutlined": Object {
    "$$typeof": Symbol(react.forward_ref),
    "render": [Function],
  },
  "LoadingOutlined": Object {
    "$$typeof": Symbol(react.forward_ref),
    "render": [Function],
  },
  "LockFilled": Object {
    "$$typeof": Symbol(react.forward_ref),
    "render": [Function],
  },
  "LockOutlined": Object {
    "$$typeof": Symbol(react.forward_ref),
    "render": [Function],
  },
  "LockTwoTone": Object {
    "$$typeof": Symbol(react.forward_ref),
    "render": [Function],
  },
  "LoginOutlined": Object {
    "$$typeof": Symbol(react.forward_ref),
    "render": [Function],
  },
  "LogoutOutlined": Object {
    "$$typeof": Symbol(react.forward_ref),
    "render": [Function],
  },
  "MacCommandFilled": Object {
    "$$typeof": Symbol(react.forward_ref),
    "render": [Function],
  },
  "MacCommandOutlined": Object {
    "$$typeof": Symbol(react.forward_ref),
    "render": [Function],
  },
  "MailFilled": Object {
    "$$typeof": Symbol(react.forward_ref),
    "render": [Function],
  },
  "MailOutlined": Object {
    "$$typeof": Symbol(react.forward_ref),
    "render": [Function],
  },
  "MailTwoTone": Object {
    "$$typeof": Symbol(react.forward_ref),
    "render": [Function],
  },
  "ManOutlined": Object {
    "$$typeof": Symbol(react.forward_ref),
    "render": [Function],
  },
  "MedicineBoxFilled": Object {
    "$$typeof": Symbol(react.forward_ref),
    "render": [Function],
  },
  "MedicineBoxOutlined": Object {
    "$$typeof": Symbol(react.forward_ref),
    "render": [Function],
  },
  "MedicineBoxTwoTone": Object {
    "$$typeof": Symbol(react.forward_ref),
    "render": [Function],
  },
  "MediumCircleFilled": Object {
    "$$typeof": Symbol(react.forward_ref),
    "render": [Function],
  },
  "MediumOutlined": Object {
    "$$typeof": Symbol(react.forward_ref),
    "render": [Function],
  },
  "MediumSquareFilled": Object {
    "$$typeof": Symbol(react.forward_ref),
    "render": [Function],
  },
  "MediumWorkmarkOutlined": Object {
    "$$typeof": Symbol(react.forward_ref),
    "render": [Function],
  },
  "MehFilled": Object {
    "$$typeof": Symbol(react.forward_ref),
    "render": [Function],
  },
  "MehOutlined": Object {
    "$$typeof": Symbol(react.forward_ref),
    "render": [Function],
  },
  "MehTwoTone": Object {
    "$$typeof": Symbol(react.forward_ref),
    "render": [Function],
  },
  "MenuFoldOutlined": Object {
    "$$typeof": Symbol(react.forward_ref),
    "render": [Function],
  },
  "MenuOutlined": Object {
    "$$typeof": Symbol(react.forward_ref),
    "render": [Function],
  },
  "MenuUnfoldOutlined": Object {
    "$$typeof": Symbol(react.forward_ref),
    "render": [Function],
  },
  "MergeCellsOutlined": Object {
    "$$typeof": Symbol(react.forward_ref),
    "render": [Function],
  },
  "MessageFilled": Object {
    "$$typeof": Symbol(react.forward_ref),
    "render": [Function],
  },
  "MessageOutlined": Object {
    "$$typeof": Symbol(react.forward_ref),
    "render": [Function],
  },
  "MessageTwoTone": Object {
    "$$typeof": Symbol(react.forward_ref),
    "render": [Function],
  },
  "MinusCircleFilled": Object {
    "$$typeof": Symbol(react.forward_ref),
    "render": [Function],
  },
  "MinusCircleOutlined": Object {
    "$$typeof": Symbol(react.forward_ref),
    "render": [Function],
  },
  "MinusCircleTwoTone": Object {
    "$$typeof": Symbol(react.forward_ref),
    "render": [Function],
  },
  "MinusOutlined": Object {
    "$$typeof": Symbol(react.forward_ref),
    "render": [Function],
  },
  "MinusSquareFilled": Object {
    "$$typeof": Symbol(react.forward_ref),
    "render": [Function],
  },
  "MinusSquareOutlined": Object {
    "$$typeof": Symbol(react.forward_ref),
    "render": [Function],
  },
  "MinusSquareTwoTone": Object {
    "$$typeof": Symbol(react.forward_ref),
    "render": [Function],
  },
  "MobileFilled": Object {
    "$$typeof": Symbol(react.forward_ref),
    "render": [Function],
  },
  "MobileOutlined": Object {
    "$$typeof": Symbol(react.forward_ref),
    "render": [Function],
  },
  "MobileTwoTone": Object {
    "$$typeof": Symbol(react.forward_ref),
    "render": [Function],
  },
  "MoneyCollectFilled": Object {
    "$$typeof": Symbol(react.forward_ref),
    "render": [Function],
  },
  "MoneyCollectOutlined": Object {
    "$$typeof": Symbol(react.forward_ref),
    "render": [Function],
  },
  "MoneyCollectTwoTone": Object {
    "$$typeof": Symbol(react.forward_ref),
    "render": [Function],
  },
  "MonitorOutlined": Object {
    "$$typeof": Symbol(react.forward_ref),
    "render": [Function],
  },
  "MoreOutlined": Object {
    "$$typeof": Symbol(react.forward_ref),
    "render": [Function],
  },
  "NodeCollapseOutlined": Object {
    "$$typeof": Symbol(react.forward_ref),
    "render": [Function],
  },
  "NodeExpandOutlined": Object {
    "$$typeof": Symbol(react.forward_ref),
    "render": [Function],
  },
  "NodeIndexOutlined": Object {
    "$$typeof": Symbol(react.forward_ref),
    "render": [Function],
  },
  "NotificationFilled": Object {
    "$$typeof": Symbol(react.forward_ref),
    "render": [Function],
  },
  "NotificationOutlined": Object {
    "$$typeof": Symbol(react.forward_ref),
    "render": [Function],
  },
  "NotificationTwoTone": Object {
    "$$typeof": Symbol(react.forward_ref),
    "render": [Function],
  },
  "NumberOutlined": Object {
    "$$typeof": Symbol(react.forward_ref),
    "render": [Function],
  },
  "OneToOneOutlined": Object {
    "$$typeof": Symbol(react.forward_ref),
    "render": [Function],
  },
  "OrderedListOutlined": Object {
    "$$typeof": Symbol(react.forward_ref),
    "render": [Function],
  },
  "PaperClipOutlined": Object {
    "$$typeof": Symbol(react.forward_ref),
    "render": [Function],
  },
  "PartitionOutlined": Object {
    "$$typeof": Symbol(react.forward_ref),
    "render": [Function],
  },
  "PauseCircleFilled": Object {
    "$$typeof": Symbol(react.forward_ref),
    "render": [Function],
  },
  "PauseCircleOutlined": Object {
    "$$typeof": Symbol(react.forward_ref),
    "render": [Function],
  },
  "PauseCircleTwoTone": Object {
    "$$typeof": Symbol(react.forward_ref),
    "render": [Function],
  },
  "PauseOutlined": Object {
    "$$typeof": Symbol(react.forward_ref),
    "render": [Function],
  },
  "PayCircleFilled": Object {
    "$$typeof": Symbol(react.forward_ref),
    "render": [Function],
  },
  "PayCircleOutlined": Object {
    "$$typeof": Symbol(react.forward_ref),
    "render": [Function],
  },
  "PercentageOutlined": Object {
    "$$typeof": Symbol(react.forward_ref),
    "render": [Function],
  },
  "PhoneFilled": Object {
    "$$typeof": Symbol(react.forward_ref),
    "render": [Function],
  },
  "PhoneOutlined": Object {
    "$$typeof": Symbol(react.forward_ref),
    "render": [Function],
  },
  "PhoneTwoTone": Object {
    "$$typeof": Symbol(react.forward_ref),
    "render": [Function],
  },
  "PicCenterOutlined": Object {
    "$$typeof": Symbol(react.forward_ref),
    "render": [Function],
  },
  "PicLeftOutlined": Object {
    "$$typeof": Symbol(react.forward_ref),
    "render": [Function],
  },
  "PicRightOutlined": Object {
    "$$typeof": Symbol(react.forward_ref),
    "render": [Function],
  },
  "PictureFilled": Object {
    "$$typeof": Symbol(react.forward_ref),
    "render": [Function],
  },
  "PictureOutlined": Object {
    "$$typeof": Symbol(react.forward_ref),
    "render": [Function],
  },
  "PictureTwoTone": Object {
    "$$typeof": Symbol(react.forward_ref),
    "render": [Function],
  },
  "PieChartFilled": Object {
    "$$typeof": Symbol(react.forward_ref),
    "render": [Function],
  },
  "PieChartOutlined": Object {
    "$$typeof": Symbol(react.forward_ref),
    "render": [Function],
  },
  "PieChartTwoTone": Object {
    "$$typeof": Symbol(react.forward_ref),
    "render": [Function],
  },
  "PlayCircleFilled": Object {
    "$$typeof": Symbol(react.forward_ref),
    "render": [Function],
  },
  "PlayCircleOutlined": Object {
    "$$typeof": Symbol(react.forward_ref),
    "render": [Function],
  },
  "PlayCircleTwoTone": Object {
    "$$typeof": Symbol(react.forward_ref),
    "render": [Function],
  },
  "PlaySquareFilled": Object {
    "$$typeof": Symbol(react.forward_ref),
    "render": [Function],
  },
  "PlaySquareOutlined": Object {
    "$$typeof": Symbol(react.forward_ref),
    "render": [Function],
  },
  "PlaySquareTwoTone": Object {
    "$$typeof": Symbol(react.forward_ref),
    "render": [Function],
  },
  "PlusCircleFilled": Object {
    "$$typeof": Symbol(react.forward_ref),
    "render": [Function],
  },
  "PlusCircleOutlined": Object {
    "$$typeof": Symbol(react.forward_ref),
    "render": [Function],
  },
  "PlusCircleTwoTone": Object {
    "$$typeof": Symbol(react.forward_ref),
    "render": [Function],
  },
  "PlusOutlined": Object {
    "$$typeof": Symbol(react.forward_ref),
    "render": [Function],
  },
  "PlusSquareFilled": Object {
    "$$typeof": Symbol(react.forward_ref),
    "render": [Function],
  },
  "PlusSquareOutlined": Object {
    "$$typeof": Symbol(react.forward_ref),
    "render": [Function],
  },
  "PlusSquareTwoTone": Object {
    "$$typeof": Symbol(react.forward_ref),
    "render": [Function],
  },
  "PoundCircleFilled": Object {
    "$$typeof": Symbol(react.forward_ref),
    "render": [Function],
  },
  "PoundCircleOutlined": Object {
    "$$typeof": Symbol(react.forward_ref),
    "render": [Function],
  },
  "PoundCircleTwoTone": Object {
    "$$typeof": Symbol(react.forward_ref),
    "render": [Function],
  },
  "PoundOutlined": Object {
    "$$typeof": Symbol(react.forward_ref),
    "render": [Function],
  },
  "PoweroffOutlined": Object {
    "$$typeof": Symbol(react.forward_ref),
    "render": [Function],
  },
  "PrinterFilled": Object {
    "$$typeof": Symbol(react.forward_ref),
    "render": [Function],
  },
  "PrinterOutlined": Object {
    "$$typeof": Symbol(react.forward_ref),
    "render": [Function],
  },
  "PrinterTwoTone": Object {
    "$$typeof": Symbol(react.forward_ref),
    "render": [Function],
  },
  "ProfileFilled": Object {
    "$$typeof": Symbol(react.forward_ref),
    "render": [Function],
  },
  "ProfileOutlined": Object {
    "$$typeof": Symbol(react.forward_ref),
    "render": [Function],
  },
  "ProfileTwoTone": Object {
    "$$typeof": Symbol(react.forward_ref),
    "render": [Function],
  },
  "ProjectFilled": Object {
    "$$typeof": Symbol(react.forward_ref),
    "render": [Function],
  },
  "ProjectOutlined": Object {
    "$$typeof": Symbol(react.forward_ref),
    "render": [Function],
  },
  "ProjectTwoTone": Object {
    "$$typeof": Symbol(react.forward_ref),
    "render": [Function],
  },
  "PropertySafetyFilled": Object {
    "$$typeof": Symbol(react.forward_ref),
    "render": [Function],
  },
  "PropertySafetyOutlined": Object {
    "$$typeof": Symbol(react.forward_ref),
    "render": [Function],
  },
  "PropertySafetyTwoTone": Object {
    "$$typeof": Symbol(react.forward_ref),
    "render": [Function],
  },
  "PullRequestOutlined": Object {
    "$$typeof": Symbol(react.forward_ref),
    "render": [Function],
  },
  "PushpinFilled": Object {
    "$$typeof": Symbol(react.forward_ref),
    "render": [Function],
  },
  "PushpinOutlined": Object {
    "$$typeof": Symbol(react.forward_ref),
    "render": [Function],
  },
  "PushpinTwoTone": Object {
    "$$typeof": Symbol(react.forward_ref),
    "render": [Function],
  },
  "QqCircleFilled": Object {
    "$$typeof": Symbol(react.forward_ref),
    "render": [Function],
  },
  "QqOutlined": Object {
    "$$typeof": Symbol(react.forward_ref),
    "render": [Function],
  },
  "QqSquareFilled": Object {
    "$$typeof": Symbol(react.forward_ref),
    "render": [Function],
  },
  "QrcodeOutlined": Object {
    "$$typeof": Symbol(react.forward_ref),
    "render": [Function],
  },
  "QuestionCircleFilled": Object {
    "$$typeof": Symbol(react.forward_ref),
    "render": [Function],
  },
  "QuestionCircleOutlined": Object {
    "$$typeof": Symbol(react.forward_ref),
    "render": [Function],
  },
  "QuestionCircleTwoTone": Object {
    "$$typeof": Symbol(react.forward_ref),
    "render": [Function],
  },
  "QuestionOutlined": Object {
    "$$typeof": Symbol(react.forward_ref),
    "render": [Function],
  },
  "RadarChartOutlined": Object {
    "$$typeof": Symbol(react.forward_ref),
    "render": [Function],
  },
  "RadiusBottomleftOutlined": Object {
    "$$typeof": Symbol(react.forward_ref),
    "render": [Function],
  },
  "RadiusBottomrightOutlined": Object {
    "$$typeof": Symbol(react.forward_ref),
    "render": [Function],
  },
  "RadiusSettingOutlined": Object {
    "$$typeof": Symbol(react.forward_ref),
    "render": [Function],
  },
  "RadiusUpleftOutlined": Object {
    "$$typeof": Symbol(react.forward_ref),
    "render": [Function],
  },
  "RadiusUprightOutlined": Object {
    "$$typeof": Symbol(react.forward_ref),
    "render": [Function],
  },
  "ReadFilled": Object {
    "$$typeof": Symbol(react.forward_ref),
    "render": [Function],
  },
  "ReadOutlined": Object {
    "$$typeof": Symbol(react.forward_ref),
    "render": [Function],
  },
  "ReconciliationFilled": Object {
    "$$typeof": Symbol(react.forward_ref),
    "render": [Function],
  },
  "ReconciliationOutlined": Object {
    "$$typeof": Symbol(react.forward_ref),
    "render": [Function],
  },
  "ReconciliationTwoTone": Object {
    "$$typeof": Symbol(react.forward_ref),
    "render": [Function],
  },
  "RedEnvelopeFilled": Object {
    "$$typeof": Symbol(react.forward_ref),
    "render": [Function],
  },
  "RedEnvelopeOutlined": Object {
    "$$typeof": Symbol(react.forward_ref),
    "render": [Function],
  },
  "RedEnvelopeTwoTone": Object {
    "$$typeof": Symbol(react.forward_ref),
    "render": [Function],
  },
  "RedditCircleFilled": Object {
    "$$typeof": Symbol(react.forward_ref),
    "render": [Function],
  },
  "RedditOutlined": Object {
    "$$typeof": Symbol(react.forward_ref),
    "render": [Function],
  },
  "RedditSquareFilled": Object {
    "$$typeof": Symbol(react.forward_ref),
    "render": [Function],
  },
  "RedoOutlined": Object {
    "$$typeof": Symbol(react.forward_ref),
    "render": [Function],
  },
  "ReloadOutlined": Object {
    "$$typeof": Symbol(react.forward_ref),
    "render": [Function],
  },
  "RestFilled": Object {
    "$$typeof": Symbol(react.forward_ref),
    "render": [Function],
  },
  "RestOutlined": Object {
    "$$typeof": Symbol(react.forward_ref),
    "render": [Function],
  },
  "RestTwoTone": Object {
    "$$typeof": Symbol(react.forward_ref),
    "render": [Function],
  },
  "RetweetOutlined": Object {
    "$$typeof": Symbol(react.forward_ref),
    "render": [Function],
  },
  "RightCircleFilled": Object {
    "$$typeof": Symbol(react.forward_ref),
    "render": [Function],
  },
  "RightCircleOutlined": Object {
    "$$typeof": Symbol(react.forward_ref),
    "render": [Function],
  },
  "RightCircleTwoTone": Object {
    "$$typeof": Symbol(react.forward_ref),
    "render": [Function],
  },
  "RightOutlined": Object {
    "$$typeof": Symbol(react.forward_ref),
    "render": [Function],
  },
  "RightSquareFilled": Object {
    "$$typeof": Symbol(react.forward_ref),
    "render": [Function],
  },
  "RightSquareOutlined": Object {
    "$$typeof": Symbol(react.forward_ref),
    "render": [Function],
  },
  "RightSquareTwoTone": Object {
    "$$typeof": Symbol(react.forward_ref),
    "render": [Function],
  },
  "RiseOutlined": Object {
    "$$typeof": Symbol(react.forward_ref),
    "render": [Function],
  },
  "RobotFilled": Object {
    "$$typeof": Symbol(react.forward_ref),
    "render": [Function],
  },
  "RobotOutlined": Object {
    "$$typeof": Symbol(react.forward_ref),
    "render": [Function],
  },
  "RocketFilled": Object {
    "$$typeof": Symbol(react.forward_ref),
    "render": [Function],
  },
  "RocketOutlined": Object {
    "$$typeof": Symbol(react.forward_ref),
    "render": [Function],
  },
  "RocketTwoTone": Object {
    "$$typeof": Symbol(react.forward_ref),
    "render": [Function],
  },
  "RollbackOutlined": Object {
    "$$typeof": Symbol(react.forward_ref),
    "render": [Function],
  },
  "RotateLeftOutlined": Object {
    "$$typeof": Symbol(react.forward_ref),
    "render": [Function],
  },
  "RotateRightOutlined": Object {
    "$$typeof": Symbol(react.forward_ref),
    "render": [Function],
  },
  "SafetyCertificateFilled": Object {
    "$$typeof": Symbol(react.forward_ref),
    "render": [Function],
  },
  "SafetyCertificateOutlined": Object {
    "$$typeof": Symbol(react.forward_ref),
    "render": [Function],
  },
  "SafetyCertificateTwoTone": Object {
    "$$typeof": Symbol(react.forward_ref),
    "render": [Function],
  },
  "SafetyOutlined": Object {
    "$$typeof": Symbol(react.forward_ref),
    "render": [Function],
  },
  "SaveFilled": Object {
    "$$typeof": Symbol(react.forward_ref),
    "render": [Function],
  },
  "SaveOutlined": Object {
    "$$typeof": Symbol(react.forward_ref),
    "render": [Function],
  },
  "SaveTwoTone": Object {
    "$$typeof": Symbol(react.forward_ref),
    "render": [Function],
  },
  "ScanOutlined": Object {
    "$$typeof": Symbol(react.forward_ref),
    "render": [Function],
  },
  "ScheduleFilled": Object {
    "$$typeof": Symbol(react.forward_ref),
    "render": [Function],
  },
  "ScheduleOutlined": Object {
    "$$typeof": Symbol(react.forward_ref),
    "render": [Function],
  },
  "ScheduleTwoTone": Object {
    "$$typeof": Symbol(react.forward_ref),
    "render": [Function],
  },
  "ScissorOutlined": Object {
    "$$typeof": Symbol(react.forward_ref),
    "render": [Function],
  },
  "SearchOutlined": Object {
    "$$typeof": Symbol(react.forward_ref),
    "render": [Function],
  },
  "SecurityScanFilled": Object {
    "$$typeof": Symbol(react.forward_ref),
    "render": [Function],
  },
  "SecurityScanOutlined": Object {
    "$$typeof": Symbol(react.forward_ref),
    "render": [Function],
  },
  "SecurityScanTwoTone": Object {
    "$$typeof": Symbol(react.forward_ref),
    "render": [Function],
  },
  "SelectOutlined": Object {
    "$$typeof": Symbol(react.forward_ref),
    "render": [Function],
  },
  "SendOutlined": Object {
    "$$typeof": Symbol(react.forward_ref),
    "render": [Function],
  },
  "SettingFilled": Object {
    "$$typeof": Symbol(react.forward_ref),
    "render": [Function],
  },
  "SettingOutlined": Object {
    "$$typeof": Symbol(react.forward_ref),
    "render": [Function],
  },
  "SettingTwoTone": Object {
    "$$typeof": Symbol(react.forward_ref),
    "render": [Function],
  },
  "ShakeOutlined": Object {
    "$$typeof": Symbol(react.forward_ref),
    "render": [Function],
  },
  "ShareAltOutlined": Object {
    "$$typeof": Symbol(react.forward_ref),
    "render": [Function],
  },
  "ShopFilled": Object {
    "$$typeof": Symbol(react.forward_ref),
    "render": [Function],
  },
  "ShopOutlined": Object {
    "$$typeof": Symbol(react.forward_ref),
    "render": [Function],
  },
  "ShopTwoTone": Object {
    "$$typeof": Symbol(react.forward_ref),
    "render": [Function],
  },
  "ShoppingCartOutlined": Object {
    "$$typeof": Symbol(react.forward_ref),
    "render": [Function],
  },
  "ShoppingFilled": Object {
    "$$typeof": Symbol(react.forward_ref),
    "render": [Function],
  },
  "ShoppingOutlined": Object {
    "$$typeof": Symbol(react.forward_ref),
    "render": [Function],
  },
  "ShoppingTwoTone": Object {
    "$$typeof": Symbol(react.forward_ref),
    "render": [Function],
  },
  "ShrinkOutlined": Object {
    "$$typeof": Symbol(react.forward_ref),
    "render": [Function],
  },
  "SignalFilled": Object {
    "$$typeof": Symbol(react.forward_ref),
    "render": [Function],
  },
  "SisternodeOutlined": Object {
    "$$typeof": Symbol(react.forward_ref),
    "render": [Function],
  },
  "SketchCircleFilled": Object {
    "$$typeof": Symbol(react.forward_ref),
    "render": [Function],
  },
  "SketchOutlined": Object {
    "$$typeof": Symbol(react.forward_ref),
    "render": [Function],
  },
  "SketchSquareFilled": Object {
    "$$typeof": Symbol(react.forward_ref),
    "render": [Function],
  },
  "SkinFilled": Object {
    "$$typeof": Symbol(react.forward_ref),
    "render": [Function],
  },
  "SkinOutlined": Object {
    "$$typeof": Symbol(react.forward_ref),
    "render": [Function],
  },
  "SkinTwoTone": Object {
    "$$typeof": Symbol(react.forward_ref),
    "render": [Function],
  },
  "SkypeFilled": Object {
    "$$typeof": Symbol(react.forward_ref),
    "render": [Function],
  },
  "SkypeOutlined": Object {
    "$$typeof": Symbol(react.forward_ref),
    "render": [Function],
  },
  "SlackCircleFilled": Object {
    "$$typeof": Symbol(react.forward_ref),
    "render": [Function],
  },
  "SlackOutlined": Object {
    "$$typeof": Symbol(react.forward_ref),
    "render": [Function],
  },
  "SlackSquareFilled": Object {
    "$$typeof": Symbol(react.forward_ref),
    "render": [Function],
  },
  "SlackSquareOutlined": Object {
    "$$typeof": Symbol(react.forward_ref),
    "render": [Function],
  },
  "SlidersFilled": Object {
    "$$typeof": Symbol(react.forward_ref),
    "render": [Function],
  },
  "SlidersOutlined": Object {
    "$$typeof": Symbol(react.forward_ref),
    "render": [Function],
  },
  "SlidersTwoTone": Object {
    "$$typeof": Symbol(react.forward_ref),
    "render": [Function],
  },
  "SmallDashOutlined": Object {
    "$$typeof": Symbol(react.forward_ref),
    "render": [Function],
  },
  "SmileFilled": Object {
    "$$typeof": Symbol(react.forward_ref),
    "render": [Function],
  },
  "SmileOutlined": Object {
    "$$typeof": Symbol(react.forward_ref),
    "render": [Function],
  },
  "SmileTwoTone": Object {
    "$$typeof": Symbol(react.forward_ref),
    "render": [Function],
  },
  "SnippetsFilled": Object {
    "$$typeof": Symbol(react.forward_ref),
    "render": [Function],
  },
  "SnippetsOutlined": Object {
    "$$typeof": Symbol(react.forward_ref),
    "render": [Function],
  },
  "SnippetsTwoTone": Object {
    "$$typeof": Symbol(react.forward_ref),
    "render": [Function],
  },
  "SolutionOutlined": Object {
    "$$typeof": Symbol(react.forward_ref),
    "render": [Function],
  },
  "SortAscendingOutlined": Object {
    "$$typeof": Symbol(react.forward_ref),
    "render": [Function],
  },
  "SortDescendingOutlined": Object {
    "$$typeof": Symbol(react.forward_ref),
    "render": [Function],
  },
  "SoundFilled": Object {
    "$$typeof": Symbol(react.forward_ref),
    "render": [Function],
  },
  "SoundOutlined": Object {
    "$$typeof": Symbol(react.forward_ref),
    "render": [Function],
  },
  "SoundTwoTone": Object {
    "$$typeof": Symbol(react.forward_ref),
    "render": [Function],
  },
  "SplitCellsOutlined": Object {
    "$$typeof": Symbol(react.forward_ref),
    "render": [Function],
  },
  "StarFilled": Object {
    "$$typeof": Symbol(react.forward_ref),
    "render": [Function],
  },
  "StarOutlined": Object {
    "$$typeof": Symbol(react.forward_ref),
    "render": [Function],
  },
  "StarTwoTone": Object {
    "$$typeof": Symbol(react.forward_ref),
    "render": [Function],
  },
  "StepBackwardFilled": Object {
    "$$typeof": Symbol(react.forward_ref),
    "render": [Function],
  },
  "StepBackwardOutlined": Object {
    "$$typeof": Symbol(react.forward_ref),
    "render": [Function],
  },
  "StepForwardFilled": Object {
    "$$typeof": Symbol(react.forward_ref),
    "render": [Function],
  },
  "StepForwardOutlined": Object {
    "$$typeof": Symbol(react.forward_ref),
    "render": [Function],
  },
  "StockOutlined": Object {
    "$$typeof": Symbol(react.forward_ref),
    "render": [Function],
  },
  "StopFilled": Object {
    "$$typeof": Symbol(react.forward_ref),
    "render": [Function],
  },
  "StopOutlined": Object {
    "$$typeof": Symbol(react.forward_ref),
    "render": [Function],
  },
  "StopTwoTone": Object {
    "$$typeof": Symbol(react.forward_ref),
    "render": [Function],
  },
  "StrikethroughOutlined": Object {
    "$$typeof": Symbol(react.forward_ref),
    "render": [Function],
  },
  "SubnodeOutlined": Object {
    "$$typeof": Symbol(react.forward_ref),
    "render": [Function],
  },
  "SwapLeftOutlined": Object {
    "$$typeof": Symbol(react.forward_ref),
    "render": [Function],
  },
  "SwapOutlined": Object {
    "$$typeof": Symbol(react.forward_ref),
    "render": [Function],
  },
  "SwapRightOutlined": Object {
    "$$typeof": Symbol(react.forward_ref),
    "render": [Function],
  },
  "SwitcherFilled": Object {
    "$$typeof": Symbol(react.forward_ref),
    "render": [Function],
  },
  "SwitcherOutlined": Object {
    "$$typeof": Symbol(react.forward_ref),
    "render": [Function],
  },
  "SwitcherTwoTone": Object {
    "$$typeof": Symbol(react.forward_ref),
    "render": [Function],
  },
  "SyncOutlined": Object {
    "$$typeof": Symbol(react.forward_ref),
    "render": [Function],
  },
  "TableOutlined": Object {
    "$$typeof": Symbol(react.forward_ref),
    "render": [Function],
  },
  "TabletFilled": Object {
    "$$typeof": Symbol(react.forward_ref),
    "render": [Function],
  },
  "TabletOutlined": Object {
    "$$typeof": Symbol(react.forward_ref),
    "render": [Function],
  },
  "TabletTwoTone": Object {
    "$$typeof": Symbol(react.forward_ref),
    "render": [Function],
  },
  "TagFilled": Object {
    "$$typeof": Symbol(react.forward_ref),
    "render": [Function],
  },
  "TagOutlined": Object {
    "$$typeof": Symbol(react.forward_ref),
    "render": [Function],
  },
  "TagTwoTone": Object {
    "$$typeof": Symbol(react.forward_ref),
    "render": [Function],
  },
  "TagsFilled": Object {
    "$$typeof": Symbol(react.forward_ref),
    "render": [Function],
  },
  "TagsOutlined": Object {
    "$$typeof": Symbol(react.forward_ref),
    "render": [Function],
  },
  "TagsTwoTone": Object {
    "$$typeof": Symbol(react.forward_ref),
    "render": [Function],
  },
  "TaobaoCircleFilled": Object {
    "$$typeof": Symbol(react.forward_ref),
    "render": [Function],
  },
  "TaobaoCircleOutlined": Object {
    "$$typeof": Symbol(react.forward_ref),
    "render": [Function],
  },
  "TaobaoOutlined": Object {
    "$$typeof": Symbol(react.forward_ref),
    "render": [Function],
  },
  "TaobaoSquareFilled": Object {
    "$$typeof": Symbol(react.forward_ref),
    "render": [Function],
  },
  "TeamOutlined": Object {
    "$$typeof": Symbol(react.forward_ref),
    "render": [Function],
  },
  "ThunderboltFilled": Object {
    "$$typeof": Symbol(react.forward_ref),
    "render": [Function],
  },
  "ThunderboltOutlined": Object {
    "$$typeof": Symbol(react.forward_ref),
    "render": [Function],
  },
  "ThunderboltTwoTone": Object {
    "$$typeof": Symbol(react.forward_ref),
    "render": [Function],
  },
  "ToTopOutlined": Object {
    "$$typeof": Symbol(react.forward_ref),
    "render": [Function],
  },
  "ToolFilled": Object {
    "$$typeof": Symbol(react.forward_ref),
    "render": [Function],
  },
  "ToolOutlined": Object {
    "$$typeof": Symbol(react.forward_ref),
    "render": [Function],
  },
  "ToolTwoTone": Object {
    "$$typeof": Symbol(react.forward_ref),
    "render": [Function],
  },
  "TrademarkCircleFilled": Object {
    "$$typeof": Symbol(react.forward_ref),
    "render": [Function],
  },
  "TrademarkCircleOutlined": Object {
    "$$typeof": Symbol(react.forward_ref),
    "render": [Function],
  },
  "TrademarkCircleTwoTone": Object {
    "$$typeof": Symbol(react.forward_ref),
    "render": [Function],
  },
  "TrademarkOutlined": Object {
    "$$typeof": Symbol(react.forward_ref),
    "render": [Function],
  },
  "TransactionOutlined": Object {
    "$$typeof": Symbol(react.forward_ref),
    "render": [Function],
  },
  "TranslationOutlined": Object {
    "$$typeof": Symbol(react.forward_ref),
    "render": [Function],
  },
  "TrophyFilled": Object {
    "$$typeof": Symbol(react.forward_ref),
    "render": [Function],
  },
  "TrophyOutlined": Object {
    "$$typeof": Symbol(react.forward_ref),
    "render": [Function],
  },
  "TrophyTwoTone": Object {
    "$$typeof": Symbol(react.forward_ref),
    "render": [Function],
  },
  "TwitterCircleFilled": Object {
    "$$typeof": Symbol(react.forward_ref),
    "render": [Function],
  },
  "TwitterOutlined": Object {
    "$$typeof": Symbol(react.forward_ref),
    "render": [Function],
  },
  "TwitterSquareFilled": Object {
    "$$typeof": Symbol(react.forward_ref),
    "render": [Function],
  },
  "UnderlineOutlined": Object {
    "$$typeof": Symbol(react.forward_ref),
    "render": [Function],
  },
  "UndoOutlined": Object {
    "$$typeof": Symbol(react.forward_ref),
    "render": [Function],
  },
  "UngroupOutlined": Object {
    "$$typeof": Symbol(react.forward_ref),
    "render": [Function],
  },
  "UnlockFilled": Object {
    "$$typeof": Symbol(react.forward_ref),
    "render": [Function],
  },
  "UnlockOutlined": Object {
    "$$typeof": Symbol(react.forward_ref),
    "render": [Function],
  },
  "UnlockTwoTone": Object {
    "$$typeof": Symbol(react.forward_ref),
    "render": [Function],
  },
  "UnorderedListOutlined": Object {
    "$$typeof": Symbol(react.forward_ref),
    "render": [Function],
  },
  "UpCircleFilled": Object {
    "$$typeof": Symbol(react.forward_ref),
    "render": [Function],
  },
  "UpCircleOutlined": Object {
    "$$typeof": Symbol(react.forward_ref),
    "render": [Function],
  },
  "UpCircleTwoTone": Object {
    "$$typeof": Symbol(react.forward_ref),
    "render": [Function],
  },
  "UpOutlined": Object {
    "$$typeof": Symbol(react.forward_ref),
    "render": [Function],
  },
  "UpSquareFilled": Object {
    "$$typeof": Symbol(react.forward_ref),
    "render": [Function],
  },
  "UpSquareOutlined": Object {
    "$$typeof": Symbol(react.forward_ref),
    "render": [Function],
  },
  "UpSquareTwoTone": Object {
    "$$typeof": Symbol(react.forward_ref),
    "render": [Function],
  },
  "UploadOutlined": Object {
    "$$typeof": Symbol(react.forward_ref),
    "render": [Function],
  },
  "UsbFilled": Object {
    "$$typeof": Symbol(react.forward_ref),
    "render": [Function],
  },
  "UsbOutlined": Object {
    "$$typeof": Symbol(react.forward_ref),
    "render": [Function],
  },
  "UsbTwoTone": Object {
    "$$typeof": Symbol(react.forward_ref),
    "render": [Function],
  },
  "UserAddOutlined": Object {
    "$$typeof": Symbol(react.forward_ref),
    "render": [Function],
  },
  "UserDeleteOutlined": Object {
    "$$typeof": Symbol(react.forward_ref),
    "render": [Function],
  },
  "UserOutlined": Object {
    "$$typeof": Symbol(react.forward_ref),
    "render": [Function],
  },
  "UserSwitchOutlined": Object {
    "$$typeof": Symbol(react.forward_ref),
    "render": [Function],
  },
  "UsergroupAddOutlined": Object {
    "$$typeof": Symbol(react.forward_ref),
    "render": [Function],
  },
  "UsergroupDeleteOutlined": Object {
    "$$typeof": Symbol(react.forward_ref),
    "render": [Function],
  },
  "VerifiedOutlined": Object {
    "$$typeof": Symbol(react.forward_ref),
    "render": [Function],
  },
  "VerticalAlignBottomOutlined": Object {
    "$$typeof": Symbol(react.forward_ref),
    "render": [Function],
  },
  "VerticalAlignMiddleOutlined": Object {
    "$$typeof": Symbol(react.forward_ref),
    "render": [Function],
  },
  "VerticalAlignTopOutlined": Object {
    "$$typeof": Symbol(react.forward_ref),
    "render": [Function],
  },
  "VerticalLeftOutlined": Object {
    "$$typeof": Symbol(react.forward_ref),
    "render": [Function],
  },
  "VerticalRightOutlined": Object {
    "$$typeof": Symbol(react.forward_ref),
    "render": [Function],
  },
  "VideoCameraAddOutlined": Object {
    "$$typeof": Symbol(react.forward_ref),
    "render": [Function],
  },
  "VideoCameraFilled": Object {
    "$$typeof": Symbol(react.forward_ref),
    "render": [Function],
  },
  "VideoCameraOutlined": Object {
    "$$typeof": Symbol(react.forward_ref),
    "render": [Function],
  },
  "VideoCameraTwoTone": Object {
    "$$typeof": Symbol(react.forward_ref),
    "render": [Function],
  },
  "WalletFilled": Object {
    "$$typeof": Symbol(react.forward_ref),
    "render": [Function],
  },
  "WalletOutlined": Object {
    "$$typeof": Symbol(react.forward_ref),
    "render": [Function],
  },
  "WalletTwoTone": Object {
    "$$typeof": Symbol(react.forward_ref),
    "render": [Function],
  },
  "WarningFilled": Object {
    "$$typeof": Symbol(react.forward_ref),
    "render": [Function],
  },
  "WarningOutlined": Object {
    "$$typeof": Symbol(react.forward_ref),
    "render": [Function],
  },
  "WarningTwoTone": Object {
    "$$typeof": Symbol(react.forward_ref),
    "render": [Function],
  },
  "WechatFilled": Object {
    "$$typeof": Symbol(react.forward_ref),
    "render": [Function],
  },
  "WechatOutlined": Object {
    "$$typeof": Symbol(react.forward_ref),
    "render": [Function],
  },
  "WeiboCircleFilled": Object {
    "$$typeof": Symbol(react.forward_ref),
    "render": [Function],
  },
  "WeiboCircleOutlined": Object {
    "$$typeof": Symbol(react.forward_ref),
    "render": [Function],
  },
  "WeiboOutlined": Object {
    "$$typeof": Symbol(react.forward_ref),
    "render": [Function],
  },
  "WeiboSquareFilled": Object {
    "$$typeof": Symbol(react.forward_ref),
    "render": [Function],
  },
  "WeiboSquareOutlined": Object {
    "$$typeof": Symbol(react.forward_ref),
    "render": [Function],
  },
  "WhatsAppOutlined": Object {
    "$$typeof": Symbol(react.forward_ref),
    "render": [Function],
  },
  "WifiOutlined": Object {
    "$$typeof": Symbol(react.forward_ref),
    "render": [Function],
  },
  "WindowsFilled": Object {
    "$$typeof": Symbol(react.forward_ref),
    "render": [Function],
  },
  "WindowsOutlined": Object {
    "$$typeof": Symbol(react.forward_ref),
    "render": [Function],
  },
  "WomanOutlined": Object {
    "$$typeof": Symbol(react.forward_ref),
    "render": [Function],
  },
  "YahooFilled": Object {
    "$$typeof": Symbol(react.forward_ref),
    "render": [Function],
  },
  "YahooOutlined": Object {
    "$$typeof": Symbol(react.forward_ref),
    "render": [Function],
  },
  "YoutubeFilled": Object {
    "$$typeof": Symbol(react.forward_ref),
    "render": [Function],
  },
  "YoutubeOutlined": Object {
    "$$typeof": Symbol(react.forward_ref),
    "render": [Function],
  },
  "YuqueFilled": Object {
    "$$typeof": Symbol(react.forward_ref),
    "render": [Function],
  },
  "YuqueOutlined": Object {
    "$$typeof": Symbol(react.forward_ref),
    "render": [Function],
  },
  "ZhihuCircleFilled": Object {
    "$$typeof": Symbol(react.forward_ref),
    "render": [Function],
  },
  "ZhihuOutlined": Object {
    "$$typeof": Symbol(react.forward_ref),
    "render": [Function],
  },
  "ZhihuSquareFilled": Object {
    "$$typeof": Symbol(react.forward_ref),
    "render": [Function],
  },
  "ZoomInOutlined": Object {
    "$$typeof": Symbol(react.forward_ref),
    "render": [Function],
  },
  "ZoomOutOutlined": Object {
    "$$typeof": Symbol(react.forward_ref),
    "render": [Function],
  },
  "createFromIconfontCN": [Function],
  "default": Object {
    "$$typeof": Symbol(react.forward_ref),
    "displayName": "AntdIcon",
    "render": [Function],
  },
  "getTwoToneColor": [Function],
  "setTwoToneColor": [Function],
}
`;
