// Jest Snapshot v1, https://goo.gl/fbAQLP

exports[`common/decorators/layout/production should render correctly 1`] = `
<div
  data-props="[object Object]"
  id="test"
>
  <div
    id="result"
  >
    0
  </div>
  <div
    id="result1"
  />
  <button
    id="btn1"
  >
    increase
  </button>
  <button
    id="btn2"
  >
    increase
  </button>
</div>
`;

exports[`common/decorators/localStore should render correctly 1`] = `
<div
  data-props="[object Object]"
  id="test"
>
  <div
    id="result"
  >
    0
  </div>
  <div
    id="result1"
  />
  <button
    id="btn1"
  >
    increase
  </button>
  <button
    id="btn2"
  >
    increase
  </button>
</div>
`;
